Archive member included to satisfy reference by file (symbol)

/data/home/xiao.zhang/sevc_origin/lite-fesp/Release/lite-sevc/liblite_sevc_v2.0.0_linux_x86-64_export.a(liblite-sevc.o)
                              /tmp/ccCwg1I3.o (SEVC_API_FrameSize)
/usr/lib/x86_64-linux-gnu/libc_nonshared.a(elf-init.oS)
                              /usr/lib/gcc/x86_64-linux-gnu/5/../../../x86_64-linux-gnu/crt1.o (__libc_csu_init)

Allocating common symbols
Common symbol       size              file

fpYyPcm             0x8               /tmp/ccCwg1I3.o
g_ucBuff            0x2000            /tmp/ccCwg1I3.o

Discarded input sections

 .rodata.cst4   0x0000000000000000        0x4 /usr/lib/gcc/x86_64-linux-gnu/5/../../../x86_64-linux-gnu/crt1.o
 .data          0x0000000000000000        0x4 /usr/lib/gcc/x86_64-linux-gnu/5/../../../x86_64-linux-gnu/crt1.o
 .bss           0x0000000000000000        0x0 /usr/lib/gcc/x86_64-linux-gnu/5/../../../x86_64-linux-gnu/crt1.o
 .note.GNU-stack
                0x0000000000000000        0x0 /usr/lib/gcc/x86_64-linux-gnu/5/../../../x86_64-linux-gnu/crt1.o
 .text          0x0000000000000000        0x0 /usr/lib/gcc/x86_64-linux-gnu/5/../../../x86_64-linux-gnu/crti.o
 .data          0x0000000000000000        0x0 /usr/lib/gcc/x86_64-linux-gnu/5/../../../x86_64-linux-gnu/crti.o
 .bss           0x0000000000000000        0x0 /usr/lib/gcc/x86_64-linux-gnu/5/../../../x86_64-linux-gnu/crti.o
 .note.GNU-stack
                0x0000000000000000        0x0 /usr/lib/gcc/x86_64-linux-gnu/5/../../../x86_64-linux-gnu/crti.o
 .data          0x0000000000000000        0x8 /usr/lib/gcc/x86_64-linux-gnu/5/crtbegin.o
 .text.unlikely
                0x0000000000000000        0x0 /usr/lib/gcc/x86_64-linux-gnu/5/crtbegin.o
 .note.GNU-stack
                0x0000000000000000        0x0 /usr/lib/gcc/x86_64-linux-gnu/5/crtbegin.o
 .text          0x0000000000000000        0x0 /tmp/ccYdfDnj.o
 .data          0x0000000000000000        0x0 /tmp/ccYdfDnj.o
 .bss           0x0000000000000000        0x0 /tmp/ccYdfDnj.o
 .text.wavfile_read
                0x0000000000000000       0x30 /tmp/ccYdfDnj.o
 .text.wavfile_read_pos
                0x0000000000000000       0xb0 /tmp/ccYdfDnj.o
 .text.wavfile_read_channel
                0x0000000000000000       0x6b /tmp/ccYdfDnj.o
 .note.GNU-stack
                0x0000000000000000        0x0 /tmp/ccYdfDnj.o
 .text          0x0000000000000000        0x0 /tmp/ccCwg1I3.o
 .data          0x0000000000000000        0x0 /tmp/ccCwg1I3.o
 .bss           0x0000000000000000        0x0 /tmp/ccCwg1I3.o
 .note.GNU-stack
                0x0000000000000000        0x0 /tmp/ccCwg1I3.o
 .text          0x0000000000000000        0x0 /data/home/xiao.zhang/sevc_origin/lite-fesp/Release/lite-sevc/liblite_sevc_v2.0.0_linux_x86-64_export.a(liblite-sevc.o)
 .text.NR_kiss_fft_cleanup
                0x0000000000000000        0x7 /data/home/xiao.zhang/sevc_origin/lite-fesp/Release/lite-sevc/liblite_sevc_v2.0.0_linux_x86-64_export.a(liblite-sevc.o)
 .text.NR_kiss_fft_next_fast_size
                0x0000000000000000       0x97 /data/home/xiao.zhang/sevc_origin/lite-fesp/Release/lite-sevc/liblite_sevc_v2.0.0_linux_x86-64_export.a(liblite-sevc.o)
 .text.AISP_TSL_sqrt32
                0x0000000000000000       0x77 /data/home/xiao.zhang/sevc_origin/lite-fesp/Release/lite-sevc/liblite_sevc_v2.0.0_linux_x86-64_export.a(liblite-sevc.o)
 .text.AISP_TSL_copy_q31
                0x0000000000000000       0xc8 /data/home/xiao.zhang/sevc_origin/lite-fesp/Release/lite-sevc/liblite_sevc_v2.0.0_linux_x86-64_export.a(liblite-sevc.o)
 .text.AISP_TSL_max_q31
                0x0000000000000000      0x14a /data/home/xiao.zhang/sevc_origin/lite-fesp/Release/lite-sevc/liblite_sevc_v2.0.0_linux_x86-64_export.a(liblite-sevc.o)
 .text.AISP_TSL_min_q31
                0x0000000000000000      0x14a /data/home/xiao.zhang/sevc_origin/lite-fesp/Release/lite-sevc/liblite_sevc_v2.0.0_linux_x86-64_export.a(liblite-sevc.o)
 .text.AISP_TSL_max_q15
                0x0000000000000000      0x16c /data/home/xiao.zhang/sevc_origin/lite-fesp/Release/lite-sevc/liblite_sevc_v2.0.0_linux_x86-64_export.a(liblite-sevc.o)
 .text.AISP_TSL_min_q15
                0x0000000000000000      0x16c /data/home/xiao.zhang/sevc_origin/lite-fesp/Release/lite-sevc/liblite_sevc_v2.0.0_linux_x86-64_export.a(liblite-sevc.o)
 .text.AISP_TSL_sin_xW32Q24_yW32Q24
                0x0000000000000000       0xef /data/home/xiao.zhang/sevc_origin/lite-fesp/Release/lite-sevc/liblite_sevc_v2.0.0_linux_x86-64_export.a(liblite-sevc.o)
 .text.AISP_TSL_add_vec_32
                0x0000000000000000      0x123 /data/home/xiao.zhang/sevc_origin/lite-fesp/Release/lite-sevc/liblite_sevc_v2.0.0_linux_x86-64_export.a(liblite-sevc.o)
 .text.AISP_TSL_sub_vec_32
                0x0000000000000000      0x12d /data/home/xiao.zhang/sevc_origin/lite-fesp/Release/lite-sevc/liblite_sevc_v2.0.0_linux_x86-64_export.a(liblite-sevc.o)
 .text.AISP_TSL_mul_vec_32_32
[...]
Memory Configuration

Name             Origin             Length             Attributes
*default*        0x0000000000000000 0xffffffffffffffff

Linker script and memory map

LOAD /usr/lib/gcc/x86_64-linux-gnu/5/../../../x86_64-linux-gnu/crt1.o
LOAD /usr/lib/gcc/x86_64-linux-gnu/5/../../../x86_64-linux-gnu/crti.o
LOAD /usr/lib/gcc/x86_64-linux-gnu/5/crtbegin.o
LOAD /tmp/ccYdfDnj.o
LOAD /tmp/ccCwg1I3.o
LOAD /data/home/xiao.zhang/sevc_origin/lite-fesp/Release/lite-sevc/liblite_sevc_v2.0.0_linux_x86-64_export.a
LOAD /usr/lib/gcc/x86_64-linux-gnu/5/../../../x86_64-linux-gnu/libm.so
START GROUP
LOAD /lib/x86_64-linux-gnu/libm.so.6
LOAD /usr/lib/x86_64-linux-gnu/libmvec_nonshared.a
LOAD /lib/x86_64-linux-gnu/libmvec.so.1
END GROUP
LOAD /usr/lib/gcc/x86_64-linux-gnu/5/../../../x86_64-linux-gnu/libm.so
START GROUP
LOAD /lib/x86_64-linux-gnu/libm.so.6
LOAD /usr/lib/x86_64-linux-gnu/libmvec_nonshared.a
LOAD /lib/x86_64-linux-gnu/libmvec.so.1
END GROUP
LOAD /usr/lib/gcc/x86_64-linux-gnu/5/libgcc.a
LOAD /usr/lib/gcc/x86_64-linux-gnu/5/libgcc_s.so
LOAD /usr/lib/gcc/x86_64-linux-gnu/5/../../../x86_64-linux-gnu/libc.so
START GROUP
LOAD /lib/x86_64-linux-gnu/libc.so.6
LOAD /usr/lib/x86_64-linux-gnu/libc_nonshared.a
LOAD /lib/x86_64-linux-gnu/ld-linux-x86-64.so.2
END GROUP
LOAD /usr/lib/gcc/x86_64-linux-gnu/5/libgcc.a
LOAD /usr/lib/gcc/x86_64-linux-gnu/5/libgcc_s.so
LOAD /usr/lib/gcc/x86_64-linux-gnu/5/crtend.o
LOAD /usr/lib/gcc/x86_64-linux-gnu/5/../../../x86_64-linux-gnu/crtn.o
                [!provide]                        PROVIDE (__executable_start, 0x400000)
                0x0000000000400238                . = (0x400000 + SIZEOF_HEADERS)

.interp         0x0000000000400238       0x1c
 *(.interp)
 .interp        0x0000000000400238       0x1c /usr/lib/gcc/x86_64-linux-gnu/5/../../../x86_64-linux-gnu/crt1.o

.note.ABI-tag   0x0000000000400254       0x20
 .note.ABI-tag  0x0000000000400254       0x20 /usr/lib/gcc/x86_64-linux-gnu/5/../../../x86_64-linux-gnu/crt1.o

.note.gnu.build-id
                0x0000000000400274       0x24
 *(.note.gnu.build-id)
 .note.gnu.build-id
                0x0000000000400274       0x24 /usr/lib/gcc/x86_64-linux-gnu/5/../../../x86_64-linux-gnu/crt1.o

.hash
 *(.hash)

.gnu.hash       0x0000000000400298       0x1c
 *(.gnu.hash)
 .gnu.hash      0x0000000000400298       0x1c /usr/lib/gcc/x86_64-linux-gnu/5/../../../x86_64-linux-gnu/crt1.o

.dynsym         0x00000000004002b8      0x240
 *(.dynsym)
 .dynsym        0x00000000004002b8      0x240 /usr/lib/gcc/x86_64-linux-gnu/5/../../../x86_64-linux-gnu/crt1.o

.dynstr         0x00000000004004f8       0xf2
 *(.dynstr)
 .dynstr        0x00000000004004f8       0xf2 /usr/lib/gcc/x86_64-linux-gnu/5/../../../x86_64-linux-gnu/crt1.o

.gnu.version    0x00000000004005ea       0x30
 *(.gnu.version)
 .gnu.version   0x00000000004005ea       0x30 /usr/lib/gcc/x86_64-linux-gnu/5/../../../x86_64-linux-gnu/crt1.o

.gnu.version_d  0x0000000000400620        0x0
 *(.gnu.version_d)
 .gnu.version_d
                0x0000000000400620        0x0 /usr/lib/gcc/x86_64-linux-gnu/5/../../../x86_64-linux-gnu/crt1.o

.gnu.version_r  0x0000000000400620       0x40
 *(.gnu.version_r)
 .gnu.version_r
                0x0000000000400620       0x40 /usr/lib/gcc/x86_64-linux-gnu/5/../../../x86_64-linux-gnu/crt1.o

.rela.dyn       0x0000000000400660       0x30
 *(.rela.init)
 *(.rela.text .rela.text.* .rela.gnu.linkonce.t.*)
 .rela.text     0x0000000000400660        0x0 /usr/lib/gcc/x86_64-linux-gnu/5/../../../x86_64-linux-gnu/crt1.o
 .rela.text.sevcMiddleFrameProc
                0x0000000000400660        0x0 /usr/lib/gcc/x86_64-linux-gnu/5/../../../x86_64-linux-gnu/crt1.o
 .rela.text.main
                0x0000000000400660        0x0 /usr/lib/gcc/x86_64-linux-gnu/5/../../../x86_64-linux-gnu/crt1.o
 *(.rela.fini)
 *(.rela.rodata .rela.rodata.* .rela.gnu.linkonce.r.*)
 *(.rela.data .rela.data.* .rela.gnu.linkonce.d.*)
 *(.rela.tdata .rela.tdata.* .rela.gnu.linkonce.td.*)
 *(.rela.tbss .rela.tbss.* .rela.gnu.linkonce.tb.*)
 *(.rela.ctors)
 *(.rela.dtors)
 *(.rela.got)
 .rela.got      0x0000000000400660       0x30 /usr/lib/gcc/x86_64-linux-gnu/5/../../../x86_64-linux-gnu/crt1.o
 *(.rela.bss .rela.bss.* .rela.gnu.linkonce.b.*)
 .rela.bss      0x0000000000400690        0x0 /usr/lib/gcc/x86_64-linux-gnu/5/../../../x86_64-linux-gnu/crt1.o
 *(.rela.ldata .rela.ldata.* .rela.gnu.linkonce.l.*)
 *(.rela.lbss .rela.lbss.* .rela.gnu.linkonce.lb.*)
 *(.rela.lrodata .rela.lrodata.* .rela.gnu.linkonce.lr.*)
 *(.rela.ifunc)

.rela.plt       0x0000000000400690      0x1f8
 *(.rela.plt)
 .rela.plt      0x0000000000400690      0x1f8 /usr/lib/gcc/x86_64-linux-gnu/5/../../../x86_64-linux-gnu/crt1.o
                [!provide]                        PROVIDE (__rela_iplt_start, .)
 *(.rela.iplt)
 .rela.iplt     0x0000000000400888        0x0 /usr/lib/gcc/x86_64-linux-gnu/5/../../../x86_64-linux-gnu/crt1.o
                [!provide]                        PROVIDE (__rela_iplt_end, .)

.init           0x0000000000400888       0x1a
 *(SORT(.init))
 .init          0x0000000000400888       0x15 /usr/lib/gcc/x86_64-linux-gnu/5/../../../x86_64-linux-gnu/crti.o
                0x0000000000400888                _init
 .init          0x000000000040089d        0x5 /usr/lib/gcc/x86_64-linux-gnu/5/../../../x86_64-linux-gnu/crtn.o

.plt            0x00000000004008b0      0x160
 *(.plt)
 .plt           0x00000000004008b0      0x160 /usr/lib/gcc/x86_64-linux-gnu/5/../../../x86_64-linux-gnu/crt1.o
                0x00000000004008c0                free@@GLIBC_2.2.5
                0x00000000004008d0                __errno_location@@GLIBC_2.2.5
                0x00000000004008e0                puts@@GLIBC_2.2.5
                0x00000000004008f0                fread@@GLIBC_2.2.5
                0x0000000000400900                fclose@@GLIBC_2.2.5
                0x0000000000400910                __stack_chk_fail@@GLIBC_2.4
                0x0000000000400920                printf@@GLIBC_2.2.5
                0x0000000000400930                gettimeofday@@GLIBC_2.2.5
                0x0000000000400940                memset@@GLIBC_2.2.5
                0x0000000000400950                __libc_start_main@@GLIBC_2.2.5
                0x0000000000400960                memcmp@@GLIBC_2.2.5
                0x0000000000400970                calloc@@GLIBC_2.2.5
                0x0000000000400980                ftell@@GLIBC_2.2.5
                0x0000000000400990                memcpy@@GLIBC_2.14
                0x00000000004009a0                malloc@@GLIBC_2.2.5
                0x00000000004009b0                fflush@@GLIBC_2.2.5
                0x00000000004009c0                fseek@@GLIBC_2.2.5
                0x00000000004009d0                fopen@@GLIBC_2.2.5
                0x00000000004009e0                exit@@GLIBC_2.2.5
                0x00000000004009f0                fwrite@@GLIBC_2.2.5
                0x0000000000400a00                strerror@@GLIBC_2.2.5
 *(.iplt)
 .iplt          0x0000000000400a10        0x0 /usr/lib/gcc/x86_64-linux-gnu/5/../../../x86_64-linux-gnu/crt1.o

.plt.got        0x0000000000400a10        0x8
 *(.plt.got)
 .plt.got       0x0000000000400a10        0x8 /usr/lib/gcc/x86_64-linux-gnu/5/../../../x86_64-linux-gnu/crt1.o

.plt.bnd
 *(.plt.bnd)

.text           0x0000000000400a20    0x18a02
 *(.text.unlikely .text.*_unlikely .text.unlikely.*)
 *(.text.exit .text.exit.*)
 *(.text.startup .text.startup.*)
 *(.text.hot .text.hot.*)
 *(.text .stub .text.* .gnu.linkonce.t.*)
 .text          0x0000000000400a20       0x2a /usr/lib/gcc/x86_64-linux-gnu/5/../../../x86_64-linux-gnu/crt1.o
                0x0000000000400a20                _start
 *fill*         0x0000000000400a4a        0x6 
 .text          0x0000000000400a50       0xc6 /usr/lib/gcc/x86_64-linux-gnu/5/crtbegin.o
 .text.wavFileInfoShow
                0x0000000000400b16      0x1c4 /tmp/ccYdfDnj.o
                0x0000000000400b16                wavFileInfoShow
 .text.wavFileHeadCHeck
                0x0000000000400cda       0xf6 /tmp/ccYdfDnj.o
                0x0000000000400cda                wavFileHeadCHeck
 .text.wavfile_write_open
                0x0000000000400dd0       0xf6 /tmp/ccYdfDnj.o
                0x0000000000400dd0                wavfile_write_open
 .text.wavfile_read_open
                0x0000000000400ec6      0x1f2 /tmp/ccYdfDnj.o
                0x0000000000400ec6                wavfile_read_open
 .text.wavfile_write
                0x00000000004010b8       0x30 /tmp/ccYdfDnj.o
                0x00000000004010b8                wavfile_write
 .text.wavfile_write_close
                0x00000000004010e8       0xe5 /tmp/ccYdfDnj.o
                0x00000000004010e8                wavfile_write_close
 .text.SAL_GetTimeofDay
                0x00000000004011cd       0x77 /tmp/ccCwg1I3.o
 .text.sevcMiddleFeed
                0x0000000000401244       0x58 /tmp/ccCwg1I3.o
                0x0000000000401244                sevcMiddleFeed
 .text.sevcMiddleFrameProc
                0x000000000040129c       0x4a /tmp/ccCwg1I3.o
                0x000000000040129c                sevcMiddleFrameProc
 .text.sevcOutFrameProc
                0x00000000004012e6       0x56 /tmp/ccCwg1I3.o
                0x00000000004012e6                sevcOutFrameProc
 .text.main     0x000000000040133c      0x77a /tmp/ccCwg1I3.o
                0x000000000040133c                main
 .text.kf_factor_fixed
                0x0000000000401ab6       0x8f /data/home/xiao.zhang/sevc_origin/lite-fesp/Release/lite-sevc/liblite_sevc_v2.0.0_linux_x86-64_export.a(liblite-sevc.o)
 .text.AISP_TSL_fft_alloc
                0x0000000000401b45      0x234 /data/home/xiao.zhang/sevc_origin/lite-fesp/Release/lite-sevc/liblite_sevc_v2.0.0_linux_x86-64_export.a(liblite-sevc.o)
 .text.AISP_TSL_fft_free
                0x0000000000401d79        0xb /data/home/xiao.zhang/sevc_origin/lite-fesp/Release/lite-sevc/liblite_sevc_v2.0.0_linux_x86-64_export.a(liblite-sevc.o)
 .text.kf_bfly2
                0x0000000000401d84      0x1a8 /data/home/xiao.zhang/sevc_origin/lite-fesp/Release/lite-sevc/liblite_sevc_v2.0.0_linux_x86-64_export.a(liblite-sevc.o)
 .text.kf_bfly4
                0x0000000000401f2c      0x783 /data/home/xiao.zhang/sevc_origin/lite-fesp/Release/lite-sevc/liblite_sevc_v2.0.0_linux_x86-64_export.a(liblite-sevc.o)
 .text.kf_bfly3
                0x00000000004026af      0x4ff /data/home/xiao.zhang/sevc_origin/lite-fesp/Release/lite-sevc/liblite_sevc_v2.0.0_linux_x86-64_export.a(liblite-sevc.o)
 .text.kf_bfly5
                0x0000000000402bae      0xa93 /data/home/xiao.zhang/sevc_origin/lite-fesp/Release/lite-sevc/liblite_sevc_v2.0.0_linux_x86-64_export.a(liblite-sevc.o)
 .text.kf_work  0x0000000000403641      0x18e /data/home/xiao.zhang/sevc_origin/lite-fesp/Release/lite-sevc/liblite_sevc_v2.0.0_linux_x86-64_export.a(liblite-sevc.o)
 .text.NR_kiss_fft_stride
                0x00000000004037cf       0x46 /data/home/xiao.zhang/sevc_origin/lite-fesp/Release/lite-sevc/liblite_sevc_v2.0.0_linux_x86-64_export.a(liblite-sevc.o)
 .text.NR_kiss_fft
                0x0000000000403815       0x30 /data/home/xiao.zhang/sevc_origin/lite-fesp/Release/lite-sevc/liblite_sevc_v2.0.0_linux_x86-64_export.a(liblite-sevc.o)
 .text.NR_kiss_fftr
                0x0000000000403845      0x368 /data/home/xiao.zhang/sevc_origin/lite-fesp/Release/lite-sevc/liblite_sevc_v2.0.0_linux_x86-64_export.a(liblite-sevc.o)
 .text.NR_kiss_fftri
                0x0000000000403bad      0x394 /data/home/xiao.zhang/sevc_origin/lite-fesp/Release/lite-sevc/liblite_sevc_v2.0.0_linux_x86-64_export.a(liblite-sevc.o)
 .text.AISP_TSL_sqrt_xW64_yW32
                0x0000000000403f41       0x75 /data/home/xiao.zhang/sevc_origin/lite-fesp/Release/lite-sevc/liblite_sevc_v2.0.0_linux_x86-64_export.a(liblite-sevc.o)
 .text.AISP_TSL_log_xW32_yW32Q24
                0x0000000000403fb6      0x71e /data/home/xiao.zhang/sevc_origin/lite-fesp/Release/lite-sevc/liblite_sevc_v2.0.0_linux_x86-64_export.a(liblite-sevc.o)
 .text.AISP_TSL_log_xW32_yW32Q20
                0x00000000004046d4      0x673 /data/home/xiao.zhang/sevc_origin/lite-fesp/Release/lite-sevc/liblite_sevc_v2.0.0_linux_x86-64_export.a(liblite-sevc.o)
 .text.AISP_TSL_sigmoid_xW32Q24_yW32Q24
                0x0000000000404d47      0x11a /data/home/xiao.zhang/sevc_origin/lite-fesp/Release/lite-sevc/liblite_sevc_v2.0.0_linux_x86-64_export.a(liblite-sevc.o)
 .text.AISP_TSL_exp_minus_xW32Q24_yW32
                0x0000000000404e61      0x14b /data/home/xiao.zhang/sevc_origin/lite-fesp/Release/lite-sevc/liblite_sevc_v2.0.0_linux_x86-64_export.a(liblite-sevc.o)
 .text.AISP_TSL_strlen
                0x0000000000404fac       0x2a /data/home/xiao.zhang/sevc_origin/lite-fesp/Release/lite-sevc/liblite_sevc_v2.0.0_linux_x86-64_export.a(liblite-sevc.o)
 .text.AISP_TSL_memset
                0x0000000000404fd6       0x41 /data/home/xiao.zhang/sevc_origin/lite-fesp/Release/lite-sevc/liblite_sevc_v2.0.0_linux_x86-64_export.a(liblite-sevc.o)
 .text.AISP_TSL_strcpy
                0x0000000000405017       0x3f /data/home/xiao.zhang/sevc_origin/lite-fesp/Release/lite-sevc/liblite_sevc_v2.0.0_linux_x86-64_export.a(liblite-sevc.o)
 .text.AISP_TSL_memcpy
                0x0000000000405056       0x56 /data/home/xiao.zhang/sevc_origin/lite-fesp/Release/lite-sevc/liblite_sevc_v2.0.0_linux_x86-64_export.a(liblite-sevc.o)
 .text.AISP_TSL_mask_align
                0x00000000004050ac       0x1b /data/home/xiao.zhang/sevc_origin/lite-fesp/Release/lite-sevc/liblite_sevc_v2.0.0_linux_x86-64_export.a(liblite-sevc.o)
 .text.sevcGscErrCalc
                0x00000000004050c7      0x264 /data/home/xiao.zhang/sevc_origin/lite-fesp/Release/lite-sevc/liblite_sevc_v2.0.0_linux_x86-64_export.a(liblite-sevc.o)
 .text.sevcGscWeightUpdate
                0x000000000040532b      0x59f /data/home/xiao.zhang/sevc_origin/lite-fesp/Release/lite-sevc/liblite_sevc_v2.0.0_linux_x86-64_export.a(liblite-sevc.o)
 .text.sevcGscNoiseProcess
                0x00000000004058ca      0x2ed /data/home/xiao.zhang/sevc_origin/lite-fesp/Release/lite-sevc/liblite_sevc_v2.0.0_linux_x86-64_export.a(liblite-sevc.o)
 .text.sevcGscDataPop
                0x0000000000405bb7       0x6b /data/home/xiao.zhang/sevc_origin/lite-fesp/Release/lite-sevc/liblite_sevc_v2.0.0_linux_x86-64_export.a(liblite-sevc.o)
 .text.SEVC_GSC_ShMemSizeGet
                0x0000000000405c22       0x89 /data/home/xiao.zhang/sevc_origin/lite-fesp/Release/lite-sevc/liblite_sevc_v2.0.0_linux_x86-64_export.a(liblite-sevc.o)
 .text.SEVC_GSC_LocMemSizeGet
                0x0000000000405cab      0x19b /data/home/xiao.zhang/sevc_origin/lite-fesp/Release/lite-sevc/liblite_sevc_v2.0.0_linux_x86-64_export.a(liblite-sevc.o)
 .text.SEVC_GSC_New
                0x0000000000405e46      0x79c /data/home/xiao.zhang/sevc_origin/lite-fesp/Release/lite-sevc/liblite_sevc_v2.0.0_linux_x86-64_export.a(liblite-sevc.o)
 .text.SEVC_GSC_CallBackFuncRegister
                0x00000000004065e2       0x5b /data/home/xiao.zhang/sevc_origin/lite-fesp/Release/lite-sevc/liblite_sevc_v2.0.0_linux_x86-64_export.a(liblite-sevc.o)
 .text.SEVC_GSC_Feed
                0x000000000040663d       0x73 /data/home/xiao.zhang/sevc_origin/lite-fesp/Release/lite-sevc/liblite_sevc_v2.0.0_linux_x86-64_export.a(liblite-sevc.o)
 .text.SEVC_GSC_Reset
                0x00000000004066b0      0x18e /data/home/xiao.zhang/sevc_origin/lite-fesp/Release/lite-sevc/liblite_sevc_v2.0.0_linux_x86-64_export.a(liblite-sevc.o)
 .text.SEVC_GSC_Delete
                0x000000000040683e        0xb /data/home/xiao.zhang/sevc_origin/lite-fesp/Release/lite-sevc/liblite_sevc_v2.0.0_linux_x86-64_export.a(liblite-sevc.o)
 .text.SEVC_VAD_ShMemSizeGet
                0x0000000000406849       0x41 /data/home/xiao.zhang/sevc_origin/lite-fesp/Release/lite-sevc/liblite_sevc_v2.0.0_linux_x86-64_export.a(liblite-sevc.o)
 .text.SEVC_VAD_LocMemSizeGet
                0x000000000040688a       0x3f /data/home/xiao.zhang/sevc_origin/lite-fesp/Release/lite-sevc/liblite_sevc_v2.0.0_linux_x86-64_export.a(liblite-sevc.o)
 .text.SEVC_VAD_New
                0x00000000004068c9      0x191 /data/home/xiao.zhang/sevc_origin/lite-fesp/Release/lite-sevc/liblite_sevc_v2.0.0_linux_x86-64_export.a(liblite-sevc.o)
 .text.SEVC_VAD_Feed
                0x0000000000406a5a      0x26e /data/home/xiao.zhang/sevc_origin/lite-fesp/Release/lite-sevc/liblite_sevc_v2.0.0_linux_x86-64_export.a(liblite-sevc.o)
 .text.sevcCharToFloat
                0x0000000000406cc8       0x2d /data/home/xiao.zhang/sevc_origin/lite-fesp/Release/lite-sevc/liblite_sevc_v2.0.0_linux_x86-64_export.a(liblite-sevc.o)
 .text.sevc24bitToFloat
                0x0000000000406cf5       0x79 /data/home/xiao.zhang/sevc_origin/lite-fesp/Release/lite-sevc/liblite_sevc_v2.0.0_linux_x86-64_export.a(liblite-sevc.o)
 .text.memLocatorInit
                0x0000000000406d6e       0x66 /data/home/xiao.zhang/sevc_origin/lite-fesp/Release/lite-sevc/liblite_sevc_v2.0.0_linux_x86-64_export.a(liblite-sevc.o)
 .text.memLocatorGet
                0x0000000000406dd4       0xbf /data/home/xiao.zhang/sevc_origin/lite-fesp/Release/lite-sevc/liblite_sevc_v2.0.0_linux_x86-64_export.a(liblite-sevc.o)
 .text.sevcVec32Add32_Real
                0x0000000000406e93      0x19a /data/home/xiao.zhang/sevc_origin/lite-fesp/Release/lite-sevc/liblite_sevc_v2.0.0_linux_x86-64_export.a(liblite-sevc.o)
 .text.sevcVec32Sub32_Real
                0x000000000040702d      0x129 /data/home/xiao.zhang/sevc_origin/lite-fesp/Release/lite-sevc/liblite_sevc_v2.0.0_linux_x86-64_export.a(liblite-sevc.o)
 .text.sevcVecMUL16X16_Real
                0x0000000000407156      0x18f /data/home/xiao.zhang/sevc_origin/lite-fesp/Release/lite-sevc/liblite_sevc_v2.0.0_linux_x86-64_export.a(liblite-sevc.o)
 .text.sevcVecComplexMulReal
                0x00000000004072e5      0x19c /data/home/xiao.zhang/sevc_origin/lite-fesp/Release/lite-sevc/liblite_sevc_v2.0.0_linux_x86-64_export.a(liblite-sevc.o)
 .text.sevcVecMLA_Complex
                0x0000000000407481      0x274 /data/home/xiao.zhang/sevc_origin/lite-fesp/Release/lite-sevc/liblite_sevc_v2.0.0_linux_x86-64_export.a(liblite-sevc.o)
 .text.sevcVecSub_Complex
                0x00000000004076f5      0x206 /data/home/xiao.zhang/sevc_origin/lite-fesp/Release/lite-sevc/liblite_sevc_v2.0.0_linux_x86-64_export.a(liblite-sevc.o)
 .text.sevcVecConjMLA_Complex
                0x00000000004078fb      0x274 /data/home/xiao.zhang/sevc_origin/lite-fesp/Release/lite-sevc/liblite_sevc_v2.0.0_linux_x86-64_export.a(liblite-sevc.o)
 .text.sevcVecPowY32X32_Complex
                0x0000000000407b6f      0x13a /data/home/xiao.zhang/sevc_origin/lite-fesp/Release/lite-sevc/liblite_sevc_v2.0.0_linux_x86-64_export.a(liblite-sevc.o)
 .text.sevcVecPowY64X32_Complex
                0x0000000000407ca9      0x2af /data/home/xiao.zhang/sevc_origin/lite-fesp/Release/lite-sevc/liblite_sevc_v2.0.0_linux_x86-64_export.a(liblite-sevc.o)
 .text.fftInit  0x0000000000407f58       0x27 /data/home/xiao.zhang/sevc_origin/lite-fesp/Release/lite-sevc/liblite_sevc_v2.0.0_linux_x86-64_export.a(liblite-sevc.o)
 .text.fftDelete
                0x0000000000407f7f       0x1b /data/home/xiao.zhang/sevc_origin/lite-fesp/Release/lite-sevc/liblite_sevc_v2.0.0_linux_x86-64_export.a(liblite-sevc.o)
 .text.sevcLog  0x0000000000407f9a       0x7a /data/home/xiao.zhang/sevc_origin/lite-fesp/Release/lite-sevc/liblite_sevc_v2.0.0_linux_x86-64_export.a(liblite-sevc.o)
 .text.SD_DetectorInit
                0x0000000000408014       0xc5 /data/home/xiao.zhang/sevc_origin/lite-fesp/Release/lite-sevc/liblite_sevc_v2.0.0_linux_x86-64_export.a(liblite-sevc.o)
 .text.SD_Detect
                0x00000000004080d9      0x115 /data/home/xiao.zhang/sevc_origin/lite-fesp/Release/lite-sevc/liblite_sevc_v2.0.0_linux_x86-64_export.a(liblite-sevc.o)
 .text.SD_SpeedCalc
                0x00000000004081ee       0xf1 /data/home/xiao.zhang/sevc_origin/lite-fesp/Release/lite-sevc/liblite_sevc_v2.0.0_linux_x86-64_export.a(liblite-sevc.o)
 .text.SEVC_SD_ShMemSizeGet
                0x00000000004082df       0x14 /data/home/xiao.zhang/sevc_origin/lite-fesp/Release/lite-sevc/liblite_sevc_v2.0.0_linux_x86-64_export.a(liblite-sevc.o)
 .text.SEVC_SD_LocMemSizeGet
                0x00000000004082f3       0xe9 /data/home/xiao.zhang/sevc_origin/lite-fesp/Release/lite-sevc/liblite_sevc_v2.0.0_linux_x86-64_export.a(liblite-sevc.o)
 .text.SEVC_SD_New
                0x00000000004083dc      0x412 /data/home/xiao.zhang/sevc_origin/lite-fesp/Release/lite-sevc/liblite_sevc_v2.0.0_linux_x86-64_export.a(liblite-sevc.o)
 .text.SEVC_SD_Feed
                0x00000000004087ee      0xbe7 /data/home/xiao.zhang/sevc_origin/lite-fesp/Release/lite-sevc/liblite_sevc_v2.0.0_linux_x86-64_export.a(liblite-sevc.o)
 .text.SEVC_SD_Reset
                0x00000000004093d5        0xb /data/home/xiao.zhang/sevc_origin/lite-fesp/Release/lite-sevc/liblite_sevc_v2.0.0_linux_x86-64_export.a(liblite-sevc.o)
 .text.sevcParamsShow
                0x00000000004093e0        0xb /data/home/xiao.zhang/sevc_origin/lite-fesp/Release/lite-sevc/liblite_sevc_v2.0.0_linux_x86-64_export.a(liblite-sevc.o)
 .text.sevcDataEncode
                0x00000000004093eb       0x82 /data/home/xiao.zhang/sevc_origin/lite-fesp/Release/lite-sevc/liblite_sevc_v2.0.0_linux_x86-64_export.a(liblite-sevc.o)
 .text.sevcDefaultCfgInit
                0x000000000040946d      0x6de /data/home/xiao.zhang/sevc_origin/lite-fesp/Release/lite-sevc/liblite_sevc_v2.0.0_linux_x86-64_export.a(liblite-sevc.o)
 .text.sevcCfgReinit
                0x0000000000409b4b      0x113 /data/home/xiao.zhang/sevc_origin/lite-fesp/Release/lite-sevc/liblite_sevc_v2.0.0_linux_x86-64_export.a(liblite-sevc.o)
 .text.SEVC_API_FrameSize
                0x0000000000409c5e       0x2f /data/home/xiao.zhang/sevc_origin/lite-fesp/Release/lite-sevc/liblite_sevc_v2.0.0_linux_x86-64_export.a(liblite-sevc.o)
                0x0000000000409c5e                SEVC_API_FrameSize
 .text.SEVC_API_Version
                0x0000000000409c8d        0xd /data/home/xiao.zhang/sevc_origin/lite-fesp/Release/lite-sevc/liblite_sevc_v2.0.0_linux_x86-64_export.a(liblite-sevc.o)
                0x0000000000409c8d                SEVC_API_Version
 .text.SEVC_API_MemSize
                0x0000000000409c9a       0x2a /data/home/xiao.zhang/sevc_origin/lite-fesp/Release/lite-sevc/liblite_sevc_v2.0.0_linux_x86-64_export.a(liblite-sevc.o)
                0x0000000000409c9a                SEVC_API_MemSize
 .text.SEVC_API_MicNum
                0x0000000000409cc4       0x2c /data/home/xiao.zhang/sevc_origin/lite-fesp/Release/lite-sevc/liblite_sevc_v2.0.0_linux_x86-64_export.a(liblite-sevc.o)
                0x0000000000409cc4                SEVC_API_MicNum
 .text.sevcApiLocMemSizeGet
                0x0000000000409cf0       0xc8 /data/home/xiao.zhang/sevc_origin/lite-fesp/Release/lite-sevc/liblite_sevc_v2.0.0_linux_x86-64_export.a(liblite-sevc.o)
 .text.sevcApiShareMemSizeGet
                0x0000000000409db8        0xf /data/home/xiao.zhang/sevc_origin/lite-fesp/Release/lite-sevc/liblite_sevc_v2.0.0_linux_x86-64_export.a(liblite-sevc.o)
 .text.SEVC_API_New
                0x0000000000409dc7      0x7c3 /data/home/xiao.zhang/sevc_origin/lite-fesp/Release/lite-sevc/liblite_sevc_v2.0.0_linux_x86-64_export.a(liblite-sevc.o)
                0x0000000000409dc7                SEVC_API_New
 .text.sevcApiChanDataPartition
                0x000000000040a58a      0x33a /data/home/xiao.zhang/sevc_origin/lite-fesp/Release/lite-sevc/liblite_sevc_v2.0.0_linux_x86-64_export.a(liblite-sevc.o)
 .text.SEVC_API_Feed
                0x000000000040a8c4       0xb3 /data/home/xiao.zhang/sevc_origin/lite-fesp/Release/lite-sevc/liblite_sevc_v2.0.0_linux_x86-64_export.a(liblite-sevc.o)
                0x000000000040a8c4                SEVC_API_Feed
 .text.SEVC_API_CallbackRegister
                0x000000000040a977       0x66 /data/home/xiao.zhang/sevc_origin/lite-fesp/Release/lite-sevc/liblite_sevc_v2.0.0_linux_x86-64_export.a(liblite-sevc.o)
                0x000000000040a977                SEVC_API_CallbackRegister
 .text.SEVC_API_CallbackRegisterMiddle
                0x000000000040a9dd       0x66 /data/home/xiao.zhang/sevc_origin/lite-fesp/Release/lite-sevc/liblite_sevc_v2.0.0_linux_x86-64_export.a(liblite-sevc.o)
                0x000000000040a9dd                SEVC_API_CallbackRegisterMiddle
 .text.SEVC_API_Reset
                0x000000000040aa43       0x4c /data/home/xiao.zhang/sevc_origin/lite-fesp/Release/lite-sevc/liblite_sevc_v2.0.0_linux_x86-64_export.a(liblite-sevc.o)
                0x000000000040aa43                SEVC_API_Reset
 .text.SEVC_API_Delete
                0x000000000040aa8f       0x90 /data/home/xiao.zhang/sevc_origin/lite-fesp/Release/lite-sevc/liblite_sevc_v2.0.0_linux_x86-64_export.a(liblite-sevc.o)
                0x000000000040aa8f                SEVC_API_Delete
 .text.SEVC_API_IoCtrl
                0x000000000040ab1f      0x2d8 /data/home/xiao.zhang/sevc_origin/lite-fesp/Release/lite-sevc/liblite_sevc_v2.0.0_linux_x86-64_export.a(liblite-sevc.o)
                0x000000000040ab1f                SEVC_API_IoCtrl
 .text.SEVC_BFPOST_ShMemSizeGet
                0x000000000040adf7       0x7b /data/home/xiao.zhang/sevc_origin/lite-fesp/Release/lite-sevc/liblite_sevc_v2.0.0_linux_x86-64_export.a(liblite-sevc.o)
 .text.SEVC_BFPOST_LocMemSizeGet
                0x000000000040ae72      0x183 /data/home/xiao.zhang/sevc_origin/lite-fesp/Release/lite-sevc/liblite_sevc_v2.0.0_linux_x86-64_export.a(liblite-sevc.o)
 .text.SEVC_BFPOST_New
                0x000000000040aff5      0x83f /data/home/xiao.zhang/sevc_origin/lite-fesp/Release/lite-sevc/liblite_sevc_v2.0.0_linux_x86-64_export.a(liblite-sevc.o)
 .text.SEVC_BFPOST_CallBackFuncRegister
                0x000000000040b834       0x61 /data/home/xiao.zhang/sevc_origin/lite-fesp/Release/lite-sevc/liblite_sevc_v2.0.0_linux_x86-64_export.a(liblite-sevc.o)
 .text.SEVC_BFPOST_Feed
                0x000000000040b895     0x12c2 /data/home/xiao.zhang/sevc_origin/lite-fesp/Release/lite-sevc/liblite_sevc_v2.0.0_linux_x86-64_export.a(liblite-sevc.o)
 .text.SEVC_BFPOST_Reset
                0x000000000040cb57        0xb /data/home/xiao.zhang/sevc_origin/lite-fesp/Release/lite-sevc/liblite_sevc_v2.0.0_linux_x86-64_export.a(liblite-sevc.o)
 .text.SEVC_BFPOST_Delete
                0x000000000040cb62        0xb /data/home/xiao.zhang/sevc_origin/lite-fesp/Release/lite-sevc/liblite_sevc_v2.0.0_linux_x86-64_export.a(liblite-sevc.o)
 .text.sevcAecErrCalc
                0x000000000040cb6d      0x272 /data/home/xiao.zhang/sevc_origin/lite-fesp/Release/lite-sevc/liblite_sevc_v2.0.0_linux_x86-64_export.a(liblite-sevc.o)
 .text.sevcAecWeightUpdate
                0x000000000040cddf      0x741 /data/home/xiao.zhang/sevc_origin/lite-fesp/Release/lite-sevc/liblite_sevc_v2.0.0_linux_x86-64_export.a(liblite-sevc.o)
 .text.sevcAecErrPop
                0x000000000040d520      0x279 /data/home/xiao.zhang/sevc_origin/lite-fesp/Release/lite-sevc/liblite_sevc_v2.0.0_linux_x86-64_export.a(liblite-sevc.o)
 .text.sevcAecMicProcess
                0x000000000040d799       0x95 /data/home/xiao.zhang/sevc_origin/lite-fesp/Release/lite-sevc/liblite_sevc_v2.0.0_linux_x86-64_export.a(liblite-sevc.o)
 .text.sevcAecRefProcess
                0x000000000040d82e      0x4f1 /data/home/xiao.zhang/sevc_origin/lite-fesp/Release/lite-sevc/liblite_sevc_v2.0.0_linux_x86-64_export.a(liblite-sevc.o)
 .text.sevcAecInstanceReset
                0x000000000040dd1f      0x103 /data/home/xiao.zhang/sevc_origin/lite-fesp/Release/lite-sevc/liblite_sevc_v2.0.0_linux_x86-64_export.a(liblite-sevc.o)
 .text.sevcAecInstanceLocalMemSizeGet
                0x000000000040de22       0xb5 /data/home/xiao.zhang/sevc_origin/lite-fesp/Release/lite-sevc/liblite_sevc_v2.0.0_linux_x86-64_export.a(liblite-sevc.o)
 .text.SEVC_AEC_ShMemSizeGet
                0x000000000040ded7       0x73 /data/home/xiao.zhang/sevc_origin/lite-fesp/Release/lite-sevc/liblite_sevc_v2.0.0_linux_x86-64_export.a(liblite-sevc.o)
 .text.SEVC_AEC_LocMemSizeGet
                0x000000000040df4a      0x20a /data/home/xiao.zhang/sevc_origin/lite-fesp/Release/lite-sevc/liblite_sevc_v2.0.0_linux_x86-64_export.a(liblite-sevc.o)
 .text.sevcAecInstanceNew
                0x000000000040e154      0x304 /data/home/xiao.zhang/sevc_origin/lite-fesp/Release/lite-sevc/liblite_sevc_v2.0.0_linux_x86-64_export.a(liblite-sevc.o)
 .text.SEVC_AEC_New
                0x000000000040e458      0xa0e /data/home/xiao.zhang/sevc_origin/lite-fesp/Release/lite-sevc/liblite_sevc_v2.0.0_linux_x86-64_export.a(liblite-sevc.o)
 .text.SEVC_AEC_CallBackFuncRegister
                0x000000000040ee66       0x5b /data/home/xiao.zhang/sevc_origin/lite-fesp/Release/lite-sevc/liblite_sevc_v2.0.0_linux_x86-64_export.a(liblite-sevc.o)
 .text.SEVC_AEC_Feed
                0x000000000040eec1       0x5f /data/home/xiao.zhang/sevc_origin/lite-fesp/Release/lite-sevc/liblite_sevc_v2.0.0_linux_x86-64_export.a(liblite-sevc.o)
 .text.SEVC_AEC_Reset
                0x000000000040ef20       0x64 /data/home/xiao.zhang/sevc_origin/lite-fesp/Release/lite-sevc/liblite_sevc_v2.0.0_linux_x86-64_export.a(liblite-sevc.o)
 .text.SEVC_AEC_Delete
                0x000000000040ef84        0xb /data/home/xiao.zhang/sevc_origin/lite-fesp/Release/lite-sevc/liblite_sevc_v2.0.0_linux_x86-64_export.a(liblite-sevc.o)
 .text.SEVC_WN_Delete
                0x000000000040ef8f        0xb /data/home/xiao.zhang/sevc_origin/lite-fesp/Release/lite-sevc/liblite_sevc_v2.0.0_linux_x86-64_export.a(liblite-sevc.o)
 .text.sevcBfBeamProcess
                0x000000000040ef9a      0x4ac /data/home/xiao.zhang/sevc_origin/lite-fesp/Release/lite-sevc/liblite_sevc_v2.0.0_linux_x86-64_export.a(liblite-sevc.o)
 .text.SEVC_BF_ShMemSizeGet
                0x000000000040f446       0x14 /data/home/xiao.zhang/sevc_origin/lite-fesp/Release/lite-sevc/liblite_sevc_v2.0.0_linux_x86-64_export.a(liblite-sevc.o)
 .text.SEVC_BF_LocMemSizeGet
                0x000000000040f45a       0x9f /data/home/xiao.zhang/sevc_origin/lite-fesp/Release/lite-sevc/liblite_sevc_v2.0.0_linux_x86-64_export.a(liblite-sevc.o)
 .text.SEVC_BF_New
                0x000000000040f4f9      0x28a /data/home/xiao.zhang/sevc_origin/lite-fesp/Release/lite-sevc/liblite_sevc_v2.0.0_linux_x86-64_export.a(liblite-sevc.o)
 .text.SEVC_BF_CallBackFuncRegister
                0x000000000040f783       0x5b /data/home/xiao.zhang/sevc_origin/lite-fesp/Release/lite-sevc/liblite_sevc_v2.0.0_linux_x86-64_export.a(liblite-sevc.o)
 .text.SEVC_BF_Feed
                0x000000000040f7de       0x9e /data/home/xiao.zhang/sevc_origin/lite-fesp/Release/lite-sevc/liblite_sevc_v2.0.0_linux_x86-64_export.a(liblite-sevc.o)
 .text.SEVC_BF_Reset
                0x000000000040f87c        0xb /data/home/xiao.zhang/sevc_origin/lite-fesp/Release/lite-sevc/liblite_sevc_v2.0.0_linux_x86-64_export.a(liblite-sevc.o)
 .text.SEVC_BF_Delete
                0x000000000040f887        0xb /data/home/xiao.zhang/sevc_origin/lite-fesp/Release/lite-sevc/liblite_sevc_v2.0.0_linux_x86-64_export.a(liblite-sevc.o)
 .text.sevcApplyVectorGainToComplex
                0x000000000040f892       0xa8 /data/home/xiao.zhang/sevc_origin/lite-fesp/Release/lite-sevc/liblite_sevc_v2.0.0_linux_x86-64_export.a(liblite-sevc.o)
 .text.sevcComputeOverlapGain
                0x000000000040f93a      0x13e /data/home/xiao.zhang/sevc_origin/lite-fesp/Release/lite-sevc/liblite_sevc_v2.0.0_linux_x86-64_export.a(liblite-sevc.o)
 .text.sevcFrameWindownAdd
                0x000000000040fa78       0x7c /data/home/xiao.zhang/sevc_origin/lite-fesp/Release/lite-sevc/liblite_sevc_v2.0.0_linux_x86-64_export.a(liblite-sevc.o)
 .text.sevcFftProcess
                0x000000000040faf4      0x3f8 /data/home/xiao.zhang/sevc_origin/lite-fesp/Release/lite-sevc/liblite_sevc_v2.0.0_linux_x86-64_export.a(liblite-sevc.o)
 .text.sevcIFftProcess
                0x000000000040feec       0xd7 /data/home/xiao.zhang/sevc_origin/lite-fesp/Release/lite-sevc/liblite_sevc_v2.0.0_linux_x86-64_export.a(liblite-sevc.o)
 .text.sevcPostOverlapProcess
                0x000000000040ffc3      0x1d1 /data/home/xiao.zhang/sevc_origin/lite-fesp/Release/lite-sevc/liblite_sevc_v2.0.0_linux_x86-64_export.a(liblite-sevc.o)
 .text.sevcFrameConvertProcess
                0x0000000000410194       0x6f /data/home/xiao.zhang/sevc_origin/lite-fesp/Release/lite-sevc/liblite_sevc_v2.0.0_linux_x86-64_export.a(liblite-sevc.o)
 .text.sevcAgcCbFunc
                0x0000000000410203      0x194 /data/home/xiao.zhang/sevc_origin/lite-fesp/Release/lite-sevc/liblite_sevc_v2.0.0_linux_x86-64_export.a(liblite-sevc.o)
 .text.sevcMulticoreIfftCb
                0x0000000000410397       0x67 /data/home/xiao.zhang/sevc_origin/lite-fesp/Release/lite-sevc/liblite_sevc_v2.0.0_linux_x86-64_export.a(liblite-sevc.o)
 .text.sevcNnCbFunc
                0x00000000004103fe      0x121 /data/home/xiao.zhang/sevc_origin/lite-fesp/Release/lite-sevc/liblite_sevc_v2.0.0_linux_x86-64_export.a(liblite-sevc.o)
 .text.sevcNrCbFunc
                0x000000000041051f       0x5a /data/home/xiao.zhang/sevc_origin/lite-fesp/Release/lite-sevc/liblite_sevc_v2.0.0_linux_x86-64_export.a(liblite-sevc.o)
 .text.sevcSppCalc
                0x0000000000410579      0x219 /data/home/xiao.zhang/sevc_origin/lite-fesp/Release/lite-sevc/liblite_sevc_v2.0.0_linux_x86-64_export.a(liblite-sevc.o)
 .text.sevcBfPostCbFunc
                0x0000000000410792       0x2b /data/home/xiao.zhang/sevc_origin/lite-fesp/Release/lite-sevc/liblite_sevc_v2.0.0_linux_x86-64_export.a(liblite-sevc.o)
 .text.sevcAesCbFunc
                0x00000000004107bd      0x5a8 /data/home/xiao.zhang/sevc_origin/lite-fesp/Release/lite-sevc/liblite_sevc_v2.0.0_linux_x86-64_export.a(liblite-sevc.o)
 .text.sevcGscCbFunc
                0x0000000000410d65       0xd4 /data/home/xiao.zhang/sevc_origin/lite-fesp/Release/lite-sevc/liblite_sevc_v2.0.0_linux_x86-64_export.a(liblite-sevc.o)
 .text.sevcBfCbFunc
                0x0000000000410e39       0xcb /data/home/xiao.zhang/sevc_origin/lite-fesp/Release/lite-sevc/liblite_sevc_v2.0.0_linux_x86-64_export.a(liblite-sevc.o)
 .text.sevcAecCbFunc
                0x0000000000410f04      0x1a2 /data/home/xiao.zhang/sevc_origin/lite-fesp/Release/lite-sevc/liblite_sevc_v2.0.0_linux_x86-64_export.a(liblite-sevc.o)
 .text.SEVC_ModelInfoGet
                0x00000000004110a6       0x21 /data/home/xiao.zhang/sevc_origin/lite-fesp/Release/lite-sevc/liblite_sevc_v2.0.0_linux_x86-64_export.a(liblite-sevc.o)
 .text.SEVC_PreProcess
                0x00000000004110c7       0xf9 /data/home/xiao.zhang/sevc_origin/lite-fesp/Release/lite-sevc/liblite_sevc_v2.0.0_linux_x86-64_export.a(liblite-sevc.o)
 .text.SEVC_ShMemSizeGet
                0x00000000004111c0       0x38 /data/home/xiao.zhang/sevc_origin/lite-fesp/Release/lite-sevc/liblite_sevc_v2.0.0_linux_x86-64_export.a(liblite-sevc.o)
 .text.SEVC_LocMemSizeGet
                0x00000000004111f8      0x26a /data/home/xiao.zhang/sevc_origin/lite-fesp/Release/lite-sevc/liblite_sevc_v2.0.0_linux_x86-64_export.a(liblite-sevc.o)
 .text.SEVC_New
                0x0000000000411462      0xe01 /data/home/xiao.zhang/sevc_origin/lite-fesp/Release/lite-sevc/liblite_sevc_v2.0.0_linux_x86-64_export.a(liblite-sevc.o)
 .text.SEVC_CbFuncRegister
                0x0000000000412263       0x61 /data/home/xiao.zhang/sevc_origin/lite-fesp/Release/lite-sevc/liblite_sevc_v2.0.0_linux_x86-64_export.a(liblite-sevc.o)
 .text.SEVC_MiddleFreqBinsFeed
                0x00000000004122c4       0x38 /data/home/xiao.zhang/sevc_origin/lite-fesp/Release/lite-sevc/liblite_sevc_v2.0.0_linux_x86-64_export.a(liblite-sevc.o)
 .text.SEVC_MiddleCbFuncRegister
                0x00000000004122fc       0x82 /data/home/xiao.zhang/sevc_origin/lite-fesp/Release/lite-sevc/liblite_sevc_v2.0.0_linux_x86-64_export.a(liblite-sevc.o)
 .text.SEVC_Feed
                0x000000000041237e      0x134 /data/home/xiao.zhang/sevc_origin/lite-fesp/Release/lite-sevc/liblite_sevc_v2.0.0_linux_x86-64_export.a(liblite-sevc.o)
 .text.SEVC_Reset
                0x00000000004124b2       0x9f /data/home/xiao.zhang/sevc_origin/lite-fesp/Release/lite-sevc/liblite_sevc_v2.0.0_linux_x86-64_export.a(liblite-sevc.o)
 .text.SEVC_Delete
                0x0000000000412551       0xa1 /data/home/xiao.zhang/sevc_origin/lite-fesp/Release/lite-sevc/liblite_sevc_v2.0.0_linux_x86-64_export.a(liblite-sevc.o)
 .text.SEVC_AES_LocMemSizeGet
                0x00000000004125f2       0x5e /data/home/xiao.zhang/sevc_origin/lite-fesp/Release/lite-sevc/liblite_sevc_v2.0.0_linux_x86-64_export.a(liblite-sevc.o)
 .text.SEVC_AES_New
                0x0000000000412650      0x263 /data/home/xiao.zhang/sevc_origin/lite-fesp/Release/lite-sevc/liblite_sevc_v2.0.0_linux_x86-64_export.a(liblite-sevc.o)
 .text.SEVC_AES_CallBackFuncRegister
                0x00000000004128b3       0x5b /data/home/xiao.zhang/sevc_origin/lite-fesp/Release/lite-sevc/liblite_sevc_v2.0.0_linux_x86-64_export.a(liblite-sevc.o)
 .text.SEVC_AES_Feed
                0x000000000041290e      0x66f /data/home/xiao.zhang/sevc_origin/lite-fesp/Release/lite-sevc/liblite_sevc_v2.0.0_linux_x86-64_export.a(liblite-sevc.o)
 .text.SEVC_AES_Reset
                0x0000000000412f7d        0xb /data/home/xiao.zhang/sevc_origin/lite-fesp/Release/lite-sevc/liblite_sevc_v2.0.0_linux_x86-64_export.a(liblite-sevc.o)
 .text.SEVC_AES_Delete
                0x0000000000412f88        0xb /data/home/xiao.zhang/sevc_origin/lite-fesp/Release/lite-sevc/liblite_sevc_v2.0.0_linux_x86-64_export.a(liblite-sevc.o)
 .text.sevcBandEnergyCalc
                0x0000000000412f93      0x36d /data/home/xiao.zhang/sevc_origin/lite-fesp/Release/lite-sevc/liblite_sevc_v2.0.0_linux_x86-64_export.a(liblite-sevc.o)
 .text.sevcNnNewFeatureBuffGet
                0x0000000000413300       0xe5 /data/home/xiao.zhang/sevc_origin/lite-fesp/Release/lite-sevc/liblite_sevc_v2.0.0_linux_x86-64_export.a(liblite-sevc.o)
 .text.sevcNnExnLogCalc
                0x00000000004133e5       0xbc /data/home/xiao.zhang/sevc_origin/lite-fesp/Release/lite-sevc/liblite_sevc_v2.0.0_linux_x86-64_export.a(liblite-sevc.o)
 .text.sevcNnCmnUpdate
                0x00000000004134a1      0x125 /data/home/xiao.zhang/sevc_origin/lite-fesp/Release/lite-sevc/liblite_sevc_v2.0.0_linux_x86-64_export.a(liblite-sevc.o)
 .text.sevcNnFeaturesCalc
                0x00000000004135c6      0x287 /data/home/xiao.zhang/sevc_origin/lite-fesp/Release/lite-sevc/liblite_sevc_v2.0.0_linux_x86-64_export.a(liblite-sevc.o)
 .text.sevcInterpBandGainCalc
                0x000000000041384d      0x154 /data/home/xiao.zhang/sevc_origin/lite-fesp/Release/lite-sevc/liblite_sevc_v2.0.0_linux_x86-64_export.a(liblite-sevc.o)
 .text.sevcVadCalc
                0x00000000004139a1       0x93 /data/home/xiao.zhang/sevc_origin/lite-fesp/Release/lite-sevc/liblite_sevc_v2.0.0_linux_x86-64_export.a(liblite-sevc.o)
 .text.sevcDataPop
                0x0000000000413a34       0xf1 /data/home/xiao.zhang/sevc_origin/lite-fesp/Release/lite-sevc/liblite_sevc_v2.0.0_linux_x86-64_export.a(liblite-sevc.o)
 .text.SEVC_NN_ShMemSizeGet
                0x0000000000413b25       0xab /data/home/xiao.zhang/sevc_origin/lite-fesp/Release/lite-sevc/liblite_sevc_v2.0.0_linux_x86-64_export.a(liblite-sevc.o)
 .text.SEVC_NN_LocMemSizeGet
                0x0000000000413bd0      0x17f /data/home/xiao.zhang/sevc_origin/lite-fesp/Release/lite-sevc/liblite_sevc_v2.0.0_linux_x86-64_export.a(liblite-sevc.o)
 .text.SEVC_NN_VadGet
                0x0000000000413d4f       0x11 /data/home/xiao.zhang/sevc_origin/lite-fesp/Release/lite-sevc/liblite_sevc_v2.0.0_linux_x86-64_export.a(liblite-sevc.o)
 .text.SEVC_NN_ModelInfoGet
                0x0000000000413d60       0x24 /data/home/xiao.zhang/sevc_origin/lite-fesp/Release/lite-sevc/liblite_sevc_v2.0.0_linux_x86-64_export.a(liblite-sevc.o)
 .text.SEVC_NN_New
                0x0000000000413d84      0x41b /data/home/xiao.zhang/sevc_origin/lite-fesp/Release/lite-sevc/liblite_sevc_v2.0.0_linux_x86-64_export.a(liblite-sevc.o)
 .text.SEVC_NN_CallBackFuncRegister
                0x000000000041419f       0x5b /data/home/xiao.zhang/sevc_origin/lite-fesp/Release/lite-sevc/liblite_sevc_v2.0.0_linux_x86-64_export.a(liblite-sevc.o)
 .text.SEVC_NN_Feed
                0x00000000004141fa      0x435 /data/home/xiao.zhang/sevc_origin/lite-fesp/Release/lite-sevc/liblite_sevc_v2.0.0_linux_x86-64_export.a(liblite-sevc.o)
 .text.SEVC_NN_Reset
                0x000000000041462f        0xb /data/home/xiao.zhang/sevc_origin/lite-fesp/Release/lite-sevc/liblite_sevc_v2.0.0_linux_x86-64_export.a(liblite-sevc.o)
 .text.SEVC_NN_Delete
                0x000000000041463a       0x14 /data/home/xiao.zhang/sevc_origin/lite-fesp/Release/lite-sevc/liblite_sevc_v2.0.0_linux_x86-64_export.a(liblite-sevc.o)
 .text.AISP_TSL_hanningWindowWithSqrt
                0x000000000041464e       0x35 /data/home/xiao.zhang/sevc_origin/lite-fesp/Release/lite-sevc/liblite_sevc_v2.0.0_linux_x86-64_export.a(liblite-sevc.o)
 .text.AISP_TSL_hanningWindow
                0x0000000000414683       0x35 /data/home/xiao.zhang/sevc_origin/lite-fesp/Release/lite-sevc/liblite_sevc_v2.0.0_linux_x86-64_export.a(liblite-sevc.o)
 .text.AISP_TSL_tanh_xW32Q24_yW32Q24
                0x00000000004146b8       0x97 /data/home/xiao.zhang/sevc_origin/lite-fesp/Release/lite-sevc/liblite_sevc_v2.0.0_linux_x86-64_export.a(liblite-sevc.o)
 .text.nnSigmoidApprox
                0x000000000041474f      0x247 /data/home/xiao.zhang/sevc_origin/lite-fesp/Release/lite-sevc/liblite_sevc_v2.0.0_linux_x86-64_export.a(liblite-sevc.o)
 .text.nnTansigApprox
                0x0000000000414996       0x1d /data/home/xiao.zhang/sevc_origin/lite-fesp/Release/lite-sevc/liblite_sevc_v2.0.0_linux_x86-64_export.a(liblite-sevc.o)
 .text.nnRelu   0x00000000004149b3       0x1c /data/home/xiao.zhang/sevc_origin/lite-fesp/Release/lite-sevc/liblite_sevc_v2.0.0_linux_x86-64_export.a(liblite-sevc.o)
 .text.nnActivation
                0x00000000004149cf      0x152 /data/home/xiao.zhang/sevc_origin/lite-fesp/Release/lite-sevc/liblite_sevc_v2.0.0_linux_x86-64_export.a(liblite-sevc.o)
 .text.nnVec32Add32_Real
                0x0000000000414b21      0x3e2 /data/home/xiao.zhang/sevc_origin/lite-fesp/Release/lite-sevc/liblite_sevc_v2.0.0_linux_x86-64_export.a(liblite-sevc.o)
 .text.nnVecMul32X8_Real
                0x0000000000414f03      0x437 /data/home/xiao.zhang/sevc_origin/lite-fesp/Release/lite-sevc/liblite_sevc_v2.0.0_linux_x86-64_export.a(liblite-sevc.o)
 .text.nnVecMulSum32X8_Real
                0x000000000041533a      0x159 /data/home/xiao.zhang/sevc_origin/lite-fesp/Release/lite-sevc/liblite_sevc_v2.0.0_linux_x86-64_export.a(liblite-sevc.o)
 .text.nnLinearCalc
                0x0000000000415493       0x97 /data/home/xiao.zhang/sevc_origin/lite-fesp/Release/lite-sevc/liblite_sevc_v2.0.0_linux_x86-64_export.a(liblite-sevc.o)
 .text.nnFcCalc
                0x000000000041552a       0xa6 /data/home/xiao.zhang/sevc_origin/lite-fesp/Release/lite-sevc/liblite_sevc_v2.0.0_linux_x86-64_export.a(liblite-sevc.o)
 .text.nnStatisticShow
                0x00000000004155d0        0x7 /data/home/xiao.zhang/sevc_origin/lite-fesp/Release/lite-sevc/liblite_sevc_v2.0.0_linux_x86-64_export.a(liblite-sevc.o)
 .text.nnModelInfoShow
                0x00000000004155d7        0xb /data/home/xiao.zhang/sevc_origin/lite-fesp/Release/lite-sevc/liblite_sevc_v2.0.0_linux_x86-64_export.a(liblite-sevc.o)
 .text.nnNbModelInfoInit
                0x00000000004155e2      0x4e5 /data/home/xiao.zhang/sevc_origin/lite-fesp/Release/lite-sevc/liblite_sevc_v2.0.0_linux_x86-64_export.a(liblite-sevc.o)
 .text.nnNbModelDataInit
                0x0000000000415ac7      0x63d /data/home/xiao.zhang/sevc_origin/lite-fesp/Release/lite-sevc/liblite_sevc_v2.0.0_linux_x86-64_export.a(liblite-sevc.o)
 .text.nnModelInfoInit
                0x0000000000416104      0x502 /data/home/xiao.zhang/sevc_origin/lite-fesp/Release/lite-sevc/liblite_sevc_v2.0.0_linux_x86-64_export.a(liblite-sevc.o)
 .text.nnModelInfoFree
                0x0000000000416606       0x8a /data/home/xiao.zhang/sevc_origin/lite-fesp/Release/lite-sevc/liblite_sevc_v2.0.0_linux_x86-64_export.a(liblite-sevc.o)
 .text.nnModelDataInit
                0x0000000000416690      0x663 /data/home/xiao.zhang/sevc_origin/lite-fesp/Release/lite-sevc/liblite_sevc_v2.0.0_linux_x86-64_export.a(liblite-sevc.o)
 .text.nnFsmnLayerMemSizeGet
                0x0000000000416cf3      0x110 /data/home/xiao.zhang/sevc_origin/lite-fesp/Release/lite-sevc/liblite_sevc_v2.0.0_linux_x86-64_export.a(liblite-sevc.o)
 .text.nnFcLayerMemSizeGet
                0x0000000000416e03       0x2c /data/home/xiao.zhang/sevc_origin/lite-fesp/Release/lite-sevc/liblite_sevc_v2.0.0_linux_x86-64_export.a(liblite-sevc.o)
 .text.nnModelSharedMemSizeGet
                0x0000000000416e2f       0xbe /data/home/xiao.zhang/sevc_origin/lite-fesp/Release/lite-sevc/liblite_sevc_v2.0.0_linux_x86-64_export.a(liblite-sevc.o)
 .text.nnModelMemSizeGet
                0x0000000000416eed      0x288 /data/home/xiao.zhang/sevc_origin/lite-fesp/Release/lite-sevc/liblite_sevc_v2.0.0_linux_x86-64_export.a(liblite-sevc.o)
 .text.nnProcessorSharedMemSizeGet
                0x0000000000417175      0x11e /data/home/xiao.zhang/sevc_origin/lite-fesp/Release/lite-sevc/liblite_sevc_v2.0.0_linux_x86-64_export.a(liblite-sevc.o)
 .text.nnProcessorMemSizeGet
                0x0000000000417293      0x21f /data/home/xiao.zhang/sevc_origin/lite-fesp/Release/lite-sevc/liblite_sevc_v2.0.0_linux_x86-64_export.a(liblite-sevc.o)
 .text.nnFcLayerNew
                0x00000000004174b2       0xe4 /data/home/xiao.zhang/sevc_origin/lite-fesp/Release/lite-sevc/liblite_sevc_v2.0.0_linux_x86-64_export.a(liblite-sevc.o)
 .text.nnFsmnLayerNew
                0x0000000000417596      0x541 /data/home/xiao.zhang/sevc_origin/lite-fesp/Release/lite-sevc/liblite_sevc_v2.0.0_linux_x86-64_export.a(liblite-sevc.o)
 .text.nnModelNew
                0x0000000000417ad7      0xb74 /data/home/xiao.zhang/sevc_origin/lite-fesp/Release/lite-sevc/liblite_sevc_v2.0.0_linux_x86-64_export.a(liblite-sevc.o)
 .text.nnProcessorNew
                0x000000000041864b      0x7d1 /data/home/xiao.zhang/sevc_origin/lite-fesp/Release/lite-sevc/liblite_sevc_v2.0.0_linux_x86-64_export.a(liblite-sevc.o)
 .text.nnProcessorResourceInfoGet
                0x0000000000418e1c       0x22 /data/home/xiao.zhang/sevc_origin/lite-fesp/Release/lite-sevc/liblite_sevc_v2.0.0_linux_x86-64_export.a(liblite-sevc.o)
 .text.nnProcessorQValueDataGet
                0x0000000000418e3e       0x15 /data/home/xiao.zhang/sevc_origin/lite-fesp/Release/lite-sevc/liblite_sevc_v2.0.0_linux_x86-64_export.a(liblite-sevc.o)
 .text.nnProcessorFeatureContextRGet
                0x0000000000418e53       0x1e /data/home/xiao.zhang/sevc_origin/lite-fesp/Release/lite-sevc/liblite_sevc_v2.0.0_linux_x86-64_export.a(liblite-sevc.o)
 .text.nnProcessorOutDataGet
                0x0000000000418e71       0x2a /data/home/xiao.zhang/sevc_origin/lite-fesp/Release/lite-sevc/liblite_sevc_v2.0.0_linux_x86-64_export.a(liblite-sevc.o)
 .text.nnFsmnCalc
                0x0000000000418e9b      0x25a /data/home/xiao.zhang/sevc_origin/lite-fesp/Release/lite-sevc/liblite_sevc_v2.0.0_linux_x86-64_export.a(liblite-sevc.o)
 .text.nnProcessorProc
                0x00000000004190f5      0x2b7 /data/home/xiao.zhang/sevc_origin/lite-fesp/Release/lite-sevc/liblite_sevc_v2.0.0_linux_x86-64_export.a(liblite-sevc.o)
 *fill*         0x00000000004193ac        0x4 
 .text          0x00000000004193b0       0x72 /usr/lib/x86_64-linux-gnu/libc_nonshared.a(elf-init.oS)
                0x00000000004193b0                __libc_csu_init
                0x0000000000419420                __libc_csu_fini
 *(.gnu.warning)

.fini           0x0000000000419424        0x9
 *(SORT(.fini))
 .fini          0x0000000000419424        0x4 /usr/lib/gcc/x86_64-linux-gnu/5/../../../x86_64-linux-gnu/crti.o
                0x0000000000419424                _fini
 .fini          0x0000000000419428        0x5 /usr/lib/gcc/x86_64-linux-gnu/5/../../../x86_64-linux-gnu/crtn.o
                [!provide]                        PROVIDE (__etext, .)
                [!provide]                        PROVIDE (_etext, .)
                [!provide]                        PROVIDE (etext, .)

.rodata         0x0000000000419440    0x127df
 *(.rodata .rodata.* .gnu.linkonce.r.*)
 .rodata        0x0000000000419440      0x10d /tmp/ccYdfDnj.o
 *fill*         0x000000000041954d        0x3 
 .rodata        0x0000000000419550      0x1f0 /tmp/ccCwg1I3.o
 .rodata.__FUNCTION__.3763
                0x0000000000419740        0x5 /tmp/ccCwg1I3.o
 *fill*         0x0000000000419745        0x3 
 .rodata        0x0000000000419748      0xcba /data/home/xiao.zhang/sevc_origin/lite-fesp/Release/lite-sevc/liblite_sevc_v2.0.0_linux_x86-64_export.a(liblite-sevc.o)
 *fill*         0x000000000041a402       0x1e 
 .rodata.fft_table_256
                0x000000000041a420      0x400 /data/home/xiao.zhang/sevc_origin/lite-fesp/Release/lite-sevc/liblite_sevc_v2.0.0_linux_x86-64_export.a(liblite-sevc.o)
 .rodata.fft_supertable_256
                0x000000000041a820      0x400 /data/home/xiao.zhang/sevc_origin/lite-fesp/Release/lite-sevc/liblite_sevc_v2.0.0_linux_x86-64_export.a(liblite-sevc.o)
 .rodata.ifft_table_256
                0x000000000041ac20      0x400 /data/home/xiao.zhang/sevc_origin/lite-fesp/Release/lite-sevc/liblite_sevc_v2.0.0_linux_x86-64_export.a(liblite-sevc.o)
 .rodata.ifft_supertable_256
                0x000000000041b020      0x400 /data/home/xiao.zhang/sevc_origin/lite-fesp/Release/lite-sevc/liblite_sevc_v2.0.0_linux_x86-64_export.a(liblite-sevc.o)
 .rodata.fft_table_512
                0x000000000041b420      0x800 /data/home/xiao.zhang/sevc_origin/lite-fesp/Release/lite-sevc/liblite_sevc_v2.0.0_linux_x86-64_export.a(liblite-sevc.o)
 .rodata.fft_supertable_512
                0x000000000041bc20      0x400 /data/home/xiao.zhang/sevc_origin/lite-fesp/Release/lite-sevc/liblite_sevc_v2.0.0_linux_x86-64_export.a(liblite-sevc.o)
 .rodata.ifft_table_512
                0x000000000041c020      0x800 /data/home/xiao.zhang/sevc_origin/lite-fesp/Release/lite-sevc/liblite_sevc_v2.0.0_linux_x86-64_export.a(liblite-sevc.o)
 .rodata.ifft_supertable_512
                0x000000000041c820      0x400 /data/home/xiao.zhang/sevc_origin/lite-fesp/Release/lite-sevc/liblite_sevc_v2.0.0_linux_x86-64_export.a(liblite-sevc.o)
 .rodata.sigmoid_pol_table
                0x000000000041cc20      0xa04 /data/home/xiao.zhang/sevc_origin/lite-fesp/Release/lite-sevc/liblite_sevc_v2.0.0_linux_x86-64_export.a(liblite-sevc.o)
 *fill*         0x000000000041d624       0x1c 
 .rodata.sigmoid_error_table
                0x000000000041d640      0x500 /data/home/xiao.zhang/sevc_origin/lite-fesp/Release/lite-sevc/liblite_sevc_v2.0.0_linux_x86-64_export.a(liblite-sevc.o)
 .rodata.__FUNCTION__.5215
                0x000000000041db40        0xd /data/home/xiao.zhang/sevc_origin/lite-fesp/Release/lite-sevc/liblite_sevc_v2.0.0_linux_x86-64_export.a(liblite-sevc.o)
 *fill*         0x000000000041db4d        0x3 
 .rodata.__func__.5231
                0x000000000041db50       0x1e /data/home/xiao.zhang/sevc_origin/lite-fesp/Release/lite-sevc/liblite_sevc_v2.0.0_linux_x86-64_export.a(liblite-sevc.o)
 *fill*         0x000000000041db6e        0x2 
 .rodata.__FUNCTION__.5102
                0x000000000041db70        0xd /data/home/xiao.zhang/sevc_origin/lite-fesp/Release/lite-sevc/liblite_sevc_v2.0.0_linux_x86-64_export.a(liblite-sevc.o)
 *fill*         0x000000000041db7d        0x3 
 .rodata.__func__.5104
                0x000000000041db80        0xd /data/home/xiao.zhang/sevc_origin/lite-fesp/Release/lite-sevc/liblite_sevc_v2.0.0_linux_x86-64_export.a(liblite-sevc.o)
 *fill*         0x000000000041db8d        0x3 
 .rodata.__func__.5242
                0x000000000041db90        0xe /data/home/xiao.zhang/sevc_origin/lite-fesp/Release/lite-sevc/liblite_sevc_v2.0.0_linux_x86-64_export.a(liblite-sevc.o)
 *fill*         0x000000000041db9e        0x2 
 .rodata.__func__.5281
                0x000000000041dba0       0x14 /data/home/xiao.zhang/sevc_origin/lite-fesp/Release/lite-sevc/liblite_sevc_v2.0.0_linux_x86-64_export.a(liblite-sevc.o)
 *fill*         0x000000000041dbb4        0xc 
 .rodata.__func__.5296
                0x000000000041dbc0       0x14 /data/home/xiao.zhang/sevc_origin/lite-fesp/Release/lite-sevc/liblite_sevc_v2.0.0_linux_x86-64_export.a(liblite-sevc.o)
 *fill*         0x000000000041dbd4        0xc 
 .rodata.__func__.5308
                0x000000000041dbe0       0x40 /data/home/xiao.zhang/sevc_origin/lite-fesp/Release/lite-sevc/liblite_sevc_v2.0.0_linux_x86-64_export.a(liblite-sevc.o)
 .rodata.__func__.5344
                0x000000000041dc20       0x15 /data/home/xiao.zhang/sevc_origin/lite-fesp/Release/lite-sevc/liblite_sevc_v2.0.0_linux_x86-64_export.a(liblite-sevc.o)
 *fill*         0x000000000041dc35        0xb 
 .rodata.__func__.5389
                0x000000000041dc40       0x16 /data/home/xiao.zhang/sevc_origin/lite-fesp/Release/lite-sevc/liblite_sevc_v2.0.0_linux_x86-64_export.a(liblite-sevc.o)
 *fill*         0x000000000041dc56        0xa 
 .rodata.__func__.5409
                0x000000000041dc60       0x24 /data/home/xiao.zhang/sevc_origin/lite-fesp/Release/lite-sevc/liblite_sevc_v2.0.0_linux_x86-64_export.a(liblite-sevc.o)
 *fill*         0x000000000041dc84        0xc 
 .rodata.__func__.5457
                0x000000000041dc90       0x23 /data/home/xiao.zhang/sevc_origin/lite-fesp/Release/lite-sevc/liblite_sevc_v2.0.0_linux_x86-64_export.a(liblite-sevc.o)
 *fill*         0x000000000041dcb3        0xd 
 .rodata.__func__.5495
                0x000000000041dcc0       0x13 /data/home/xiao.zhang/sevc_origin/lite-fesp/Release/lite-sevc/liblite_sevc_v2.0.0_linux_x86-64_export.a(liblite-sevc.o)
 *fill*         0x000000000041dcd3        0xd 
 .rodata.__func__.5510
                0x000000000041dce0       0x17 /data/home/xiao.zhang/sevc_origin/lite-fesp/Release/lite-sevc/liblite_sevc_v2.0.0_linux_x86-64_export.a(liblite-sevc.o)
 *fill*         0x000000000041dcf7        0x9 
 .rodata.__func__.5528
                0x000000000041dd00       0x19 /data/home/xiao.zhang/sevc_origin/lite-fesp/Release/lite-sevc/liblite_sevc_v2.0.0_linux_x86-64_export.a(liblite-sevc.o)
 *fill*         0x000000000041dd19        0x7 
 .rodata.__func__.5539
                0x000000000041dd20       0x19 /data/home/xiao.zhang/sevc_origin/lite-fesp/Release/lite-sevc/liblite_sevc_v2.0.0_linux_x86-64_export.a(liblite-sevc.o)
 *fill*         0x000000000041dd39        0x7 
 .rodata.__FUNCTION__.5074
                0x000000000041dd40        0xc /data/home/xiao.zhang/sevc_origin/lite-fesp/Release/lite-sevc/liblite_sevc_v2.0.0_linux_x86-64_export.a(liblite-sevc.o)
 *fill*         0x000000000041dd4c        0x4 
 .rodata.__func__.5077
                0x000000000041dd50        0xc /data/home/xiao.zhang/sevc_origin/lite-fesp/Release/lite-sevc/liblite_sevc_v2.0.0_linux_x86-64_export.a(liblite-sevc.o)
 .rodata.SEVC_API_IoCtrl
                0x000000000041dd5c       0x1c /data/home/xiao.zhang/sevc_origin/lite-fesp/Release/lite-sevc/liblite_sevc_v2.0.0_linux_x86-64_export.a(liblite-sevc.o)
 .rodata.__func__.5239
                0x000000000041dd78        0xd /data/home/xiao.zhang/sevc_origin/lite-fesp/Release/lite-sevc/liblite_sevc_v2.0.0_linux_x86-64_export.a(liblite-sevc.o)
 *fill*         0x000000000041dd85        0x3 
 .rodata.__FUNCTION__.5240
                0x000000000041dd88        0xd /data/home/xiao.zhang/sevc_origin/lite-fesp/Release/lite-sevc/liblite_sevc_v2.0.0_linux_x86-64_export.a(liblite-sevc.o)
 *fill*         0x000000000041dd95        0xb 
 .rodata.__func__.5262
                0x000000000041dda0       0x19 /data/home/xiao.zhang/sevc_origin/lite-fesp/Release/lite-sevc/liblite_sevc_v2.0.0_linux_x86-64_export.a(liblite-sevc.o)
 *fill*         0x000000000041ddb9        0x7 
 .rodata.__func__.5301
                0x000000000041ddc0       0x1a /data/home/xiao.zhang/sevc_origin/lite-fesp/Release/lite-sevc/liblite_sevc_v2.0.0_linux_x86-64_export.a(liblite-sevc.o)
 *fill*         0x000000000041ddda        0x6 
 .rodata.__func__.5313
                0x000000000041dde0        0xf /data/home/xiao.zhang/sevc_origin/lite-fesp/Release/lite-sevc/liblite_sevc_v2.0.0_linux_x86-64_export.a(liblite-sevc.o)
 *fill*         0x000000000041ddef        0x1 
 .rodata.__func__.5319
                0x000000000041ddf0       0x10 /data/home/xiao.zhang/sevc_origin/lite-fesp/Release/lite-sevc/liblite_sevc_v2.0.0_linux_x86-64_export.a(liblite-sevc.o)
 .rodata.__FUNCTION__.5112
                0x000000000041de00       0x10 /data/home/xiao.zhang/sevc_origin/lite-fesp/Release/lite-sevc/liblite_sevc_v2.0.0_linux_x86-64_export.a(liblite-sevc.o)
 .rodata.__func__.5126
                0x000000000041de10       0x10 /data/home/xiao.zhang/sevc_origin/lite-fesp/Release/lite-sevc/liblite_sevc_v2.0.0_linux_x86-64_export.a(liblite-sevc.o)
 .rodata.__func__.5132
                0x000000000041de20       0x21 /data/home/xiao.zhang/sevc_origin/lite-fesp/Release/lite-sevc/liblite_sevc_v2.0.0_linux_x86-64_export.a(liblite-sevc.o)
 *fill*         0x000000000041de41        0xf 
 .rodata.__FUNCTION__.5340
                0x000000000041de50       0x13 /data/home/xiao.zhang/sevc_origin/lite-fesp/Release/lite-sevc/liblite_sevc_v2.0.0_linux_x86-64_export.a(liblite-sevc.o)
 *fill*         0x000000000041de63        0xd 
 .rodata.__func__.5348
                0x000000000041de70       0x13 /data/home/xiao.zhang/sevc_origin/lite-fesp/Release/lite-sevc/liblite_sevc_v2.0.0_linux_x86-64_export.a(liblite-sevc.o)
 *fill*         0x000000000041de83        0x5 
 .rodata.__func__.5362
                0x000000000041de88        0xd /data/home/xiao.zhang/sevc_origin/lite-fesp/Release/lite-sevc/liblite_sevc_v2.0.0_linux_x86-64_export.a(liblite-sevc.o)
 *fill*         0x000000000041de95        0x3 
 .rodata.__FUNCTION__.5363
                0x000000000041de98        0xd /data/home/xiao.zhang/sevc_origin/lite-fesp/Release/lite-sevc/liblite_sevc_v2.0.0_linux_x86-64_export.a(liblite-sevc.o)
 *fill*         0x000000000041dea5        0xb 
 .rodata.__func__.5385
                0x000000000041deb0       0x1e /data/home/xiao.zhang/sevc_origin/lite-fesp/Release/lite-sevc/liblite_sevc_v2.0.0_linux_x86-64_export.a(liblite-sevc.o)
 *fill*         0x000000000041dece       0x12 
 .rodata.g_iBfBeam
                0x000000000041dee0     0x2020 /data/home/xiao.zhang/sevc_origin/lite-fesp/Release/lite-sevc/liblite_sevc_v2.0.0_linux_x86-64_export.a(liblite-sevc.o)
 .rodata.g_iNbBfBeam
                0x000000000041ff00     0x1020 /data/home/xiao.zhang/sevc_origin/lite-fesp/Release/lite-sevc/liblite_sevc_v2.0.0_linux_x86-64_export.a(liblite-sevc.o)
 .rodata.__FUNCTION__.5156
                0x0000000000420f20        0xc /data/home/xiao.zhang/sevc_origin/lite-fesp/Release/lite-sevc/liblite_sevc_v2.0.0_linux_x86-64_export.a(liblite-sevc.o)
 *fill*         0x0000000000420f2c        0x4 
 .rodata.__func__.5161
                0x0000000000420f30        0xc /data/home/xiao.zhang/sevc_origin/lite-fesp/Release/lite-sevc/liblite_sevc_v2.0.0_linux_x86-64_export.a(liblite-sevc.o)
 *fill*         0x0000000000420f3c        0x4 
 .rodata.__func__.5167
                0x0000000000420f40       0x1d /data/home/xiao.zhang/sevc_origin/lite-fesp/Release/lite-sevc/liblite_sevc_v2.0.0_linux_x86-64_export.a(liblite-sevc.o)
 *fill*         0x0000000000420f5d        0x3 
 .rodata.__FUNCTION__.5664
                0x0000000000420f60        0x9 /data/home/xiao.zhang/sevc_origin/lite-fesp/Release/lite-sevc/liblite_sevc_v2.0.0_linux_x86-64_export.a(liblite-sevc.o)
 *fill*         0x0000000000420f69        0x7 
 .rodata.__func__.5669
                0x0000000000420f70        0x9 /data/home/xiao.zhang/sevc_origin/lite-fesp/Release/lite-sevc/liblite_sevc_v2.0.0_linux_x86-64_export.a(liblite-sevc.o)
 *fill*         0x0000000000420f79        0x7 
 .rodata.__func__.5675
                0x0000000000420f80       0x14 /data/home/xiao.zhang/sevc_origin/lite-fesp/Release/lite-sevc/liblite_sevc_v2.0.0_linux_x86-64_export.a(liblite-sevc.o)
 *fill*         0x0000000000420f94        0xc 
 .rodata.__func__.5686
                0x0000000000420fa0       0x1a /data/home/xiao.zhang/sevc_origin/lite-fesp/Release/lite-sevc/liblite_sevc_v2.0.0_linux_x86-64_export.a(liblite-sevc.o)
 *fill*         0x0000000000420fba        0x6 
 .rodata.__FUNCTION__.5103
                0x0000000000420fc0        0xd /data/home/xiao.zhang/sevc_origin/lite-fesp/Release/lite-sevc/liblite_sevc_v2.0.0_linux_x86-64_export.a(liblite-sevc.o)
 *fill*         0x0000000000420fcd        0x3 
 .rodata.__func__.5113
                0x0000000000420fd0       0x1e /data/home/xiao.zhang/sevc_origin/lite-fesp/Release/lite-sevc/liblite_sevc_v2.0.0_linux_x86-64_export.a(liblite-sevc.o)
 *fill*         0x0000000000420fee        0x2 
 .rodata.__func__.5393
                0x0000000000420ff0       0x16 /data/home/xiao.zhang/sevc_origin/lite-fesp/Release/lite-sevc/liblite_sevc_v2.0.0_linux_x86-64_export.a(liblite-sevc.o)
 *fill*         0x0000000000421006        0x2 
 .rodata.__FUNCTION__.5410
                0x0000000000421008        0xc /data/home/xiao.zhang/sevc_origin/lite-fesp/Release/lite-sevc/liblite_sevc_v2.0.0_linux_x86-64_export.a(liblite-sevc.o)
 *fill*         0x0000000000421014        0xc 
 .rodata.__func__.5420
                0x0000000000421020       0x1d /data/home/xiao.zhang/sevc_origin/lite-fesp/Release/lite-sevc/liblite_sevc_v2.0.0_linux_x86-64_export.a(liblite-sevc.o)
 *fill*         0x000000000042103d        0x3 
 .rodata.hanning_sqrt_256
                0x0000000000421040      0x200 /data/home/xiao.zhang/sevc_origin/lite-fesp/Release/lite-sevc/liblite_sevc_v2.0.0_linux_x86-64_export.a(liblite-sevc.o)
 .rodata.hanning_sqrt_512
                0x0000000000421240      0x400 /data/home/xiao.zhang/sevc_origin/lite-fesp/Release/lite-sevc/liblite_sevc_v2.0.0_linux_x86-64_export.a(liblite-sevc.o)
 .rodata.hanning_512
                0x0000000000421640      0x400 /data/home/xiao.zhang/sevc_origin/lite-fesp/Release/lite-sevc/liblite_sevc_v2.0.0_linux_x86-64_export.a(liblite-sevc.o)
 .rodata.hanning_256
                0x0000000000421a40      0x200 /data/home/xiao.zhang/sevc_origin/lite-fesp/Release/lite-sevc/liblite_sevc_v2.0.0_linux_x86-64_export.a(liblite-sevc.o)
 .rodata.__func__.5142
                0x0000000000421c40       0x10 /data/home/xiao.zhang/sevc_origin/lite-fesp/Release/lite-sevc/liblite_sevc_v2.0.0_linux_x86-64_export.a(liblite-sevc.o)
 .rodata.__func__.5171
                0x0000000000421c50        0xd /data/home/xiao.zhang/sevc_origin/lite-fesp/Release/lite-sevc/liblite_sevc_v2.0.0_linux_x86-64_export.a(liblite-sevc.o)
 *fill*         0x0000000000421c5d        0x1 
 .rodata.g_usNetInputSize
                0x0000000000421c5e        0x4 /data/home/xiao.zhang/sevc_origin/lite-fesp/Release/lite-sevc/liblite_sevc_v2.0.0_linux_x86-64_export.a(liblite-sevc.o)
 .rodata.g_usNetHiddenSize
                0x0000000000421c62        0x4 /data/home/xiao.zhang/sevc_origin/lite-fesp/Release/lite-sevc/liblite_sevc_v2.0.0_linux_x86-64_export.a(liblite-sevc.o)
 .rodata.g_usNetOutputSize
                0x0000000000421c66        0x4 /data/home/xiao.zhang/sevc_origin/lite-fesp/Release/lite-sevc/liblite_sevc_v2.0.0_linux_x86-64_export.a(liblite-sevc.o)
 .rodata.g_usNetMemBlocks
                0x0000000000421c6a        0x4 /data/home/xiao.zhang/sevc_origin/lite-fesp/Release/lite-sevc/liblite_sevc_v2.0.0_linux_x86-64_export.a(liblite-sevc.o)
 .rodata.g_usNetAction
                0x0000000000421c6e        0x2 /data/home/xiao.zhang/sevc_origin/lite-fesp/Release/lite-sevc/liblite_sevc_v2.0.0_linux_x86-64_export.a(liblite-sevc.o)
 *fill*         0x0000000000421c70       0x10 
 .rodata.g_iFsmnLayerBias
                0x0000000000421c80      0x200 /data/home/xiao.zhang/sevc_origin/lite-fesp/Release/lite-sevc/liblite_sevc_v2.0.0_linux_x86-64_export.a(liblite-sevc.o)
 .rodata.g_cFsmnLayerW1
                0x0000000000421e80     0x2040 /data/home/xiao.zhang/sevc_origin/lite-fesp/Release/lite-sevc/liblite_sevc_v2.0.0_linux_x86-64_export.a(liblite-sevc.o)
 .rodata.g_cFsmnLayerW2
                0x0000000000423ec0     0x2080 /data/home/xiao.zhang/sevc_origin/lite-fesp/Release/lite-sevc/liblite_sevc_v2.0.0_linux_x86-64_export.a(liblite-sevc.o)
 .rodata.g_cFsmnLayerH
                0x0000000000425f40      0xaaa /data/home/xiao.zhang/sevc_origin/lite-fesp/Release/lite-sevc/liblite_sevc_v2.0.0_linux_x86-64_export.a(liblite-sevc.o)
 *fill*         0x00000000004269ea       0x16 
 .rodata.g_iFeatureMean
                0x0000000000426a00      0x100 /data/home/xiao.zhang/sevc_origin/lite-fesp/Release/lite-sevc/liblite_sevc_v2.0.0_linux_x86-64_export.a(liblite-sevc.o)
 .rodata.g_iFeatureVar
                0x0000000000426b00      0x100 /data/home/xiao.zhang/sevc_origin/lite-fesp/Release/lite-sevc/liblite_sevc_v2.0.0_linux_x86-64_export.a(liblite-sevc.o)
 .rodata.g_usNbNetInputSize
                0x0000000000426c00        0x4 /data/home/xiao.zhang/sevc_origin/lite-fesp/Release/lite-sevc/liblite_sevc_v2.0.0_linux_x86-64_export.a(liblite-sevc.o)
 .rodata.g_usNbNetHiddenSize
                0x0000000000426c04        0x4 /data/home/xiao.zhang/sevc_origin/lite-fesp/Release/lite-sevc/liblite_sevc_v2.0.0_linux_x86-64_export.a(liblite-sevc.o)
 .rodata.g_usNbNetOutputSize
                0x0000000000426c08        0x4 /data/home/xiao.zhang/sevc_origin/lite-fesp/Release/lite-sevc/liblite_sevc_v2.0.0_linux_x86-64_export.a(liblite-sevc.o)
 .rodata.g_usNbNetMemBlocks
                0x0000000000426c0c        0x4 /data/home/xiao.zhang/sevc_origin/lite-fesp/Release/lite-sevc/liblite_sevc_v2.0.0_linux_x86-64_export.a(liblite-sevc.o)
 .rodata.g_usNbNetAction
                0x0000000000426c10        0x2 /data/home/xiao.zhang/sevc_origin/lite-fesp/Release/lite-sevc/liblite_sevc_v2.0.0_linux_x86-64_export.a(liblite-sevc.o)
 *fill*         0x0000000000426c12        0xe 
 .rodata.g_iNbFsmnLayerBias
                0x0000000000426c20      0x200 /data/home/xiao.zhang/sevc_origin/lite-fesp/Release/lite-sevc/liblite_sevc_v2.0.0_linux_x86-64_export.a(liblite-sevc.o)
 .rodata.g_cNbFsmnLayerW1
                0x0000000000426e20     0x2040 /data/home/xiao.zhang/sevc_origin/lite-fesp/Release/lite-sevc/liblite_sevc_v2.0.0_linux_x86-64_export.a(liblite-sevc.o)
 .rodata.g_cNbFsmnLayerW2
                0x0000000000428e60     0x2080 /data/home/xiao.zhang/sevc_origin/lite-fesp/Release/lite-sevc/liblite_sevc_v2.0.0_linux_x86-64_export.a(liblite-sevc.o)
 .rodata.g_cNbFsmnLayerH
                0x000000000042aee0      0xaaa /data/home/xiao.zhang/sevc_origin/lite-fesp/Release/lite-sevc/liblite_sevc_v2.0.0_linux_x86-64_export.a(liblite-sevc.o)
 *fill*         0x000000000042b98a       0x16 
 .rodata.g_iNbFeatureMean
                0x000000000042b9a0      0x100 /data/home/xiao.zhang/sevc_origin/lite-fesp/Release/lite-sevc/liblite_sevc_v2.0.0_linux_x86-64_export.a(liblite-sevc.o)
 .rodata.g_iNbFeatureVar
                0x000000000042baa0      0x100 /data/home/xiao.zhang/sevc_origin/lite-fesp/Release/lite-sevc/liblite_sevc_v2.0.0_linux_x86-64_export.a(liblite-sevc.o)
 .rodata.__func__.5269
                0x000000000042bba0       0x12 /data/home/xiao.zhang/sevc_origin/lite-fesp/Release/lite-sevc/liblite_sevc_v2.0.0_linux_x86-64_export.a(liblite-sevc.o)
 *fill*         0x000000000042bbb2        0xe 
 .rodata.__func__.5317
                0x000000000042bbc0       0x10 /data/home/xiao.zhang/sevc_origin/lite-fesp/Release/lite-sevc/liblite_sevc_v2.0.0_linux_x86-64_export.a(liblite-sevc.o)
 .rodata.__FUNCTION__.5432
                0x000000000042bbd0        0xd /data/home/xiao.zhang/sevc_origin/lite-fesp/Release/lite-sevc/liblite_sevc_v2.0.0_linux_x86-64_export.a(liblite-sevc.o)
 *fill*         0x000000000042bbdd        0x3 
 .rodata.__FUNCTION__.5442
                0x000000000042bbe0        0xf /data/home/xiao.zhang/sevc_origin/lite-fesp/Release/lite-sevc/liblite_sevc_v2.0.0_linux_x86-64_export.a(liblite-sevc.o)
 *fill*         0x000000000042bbef        0x1 
 .rodata.__FUNCTION__.5458
                0x000000000042bbf0        0xb /data/home/xiao.zhang/sevc_origin/lite-fesp/Release/lite-sevc/liblite_sevc_v2.0.0_linux_x86-64_export.a(liblite-sevc.o)
 *fill*         0x000000000042bbfb        0x5 
 .rodata.__func__.5483
                0x000000000042bc00        0xf /data/home/xiao.zhang/sevc_origin/lite-fesp/Release/lite-sevc/liblite_sevc_v2.0.0_linux_x86-64_export.a(liblite-sevc.o)
 *fill*         0x000000000042bc0f        0x1 
 .rodata.__FUNCTION__.5484
                0x000000000042bc10        0xf /data/home/xiao.zhang/sevc_origin/lite-fesp/Release/lite-sevc/liblite_sevc_v2.0.0_linux_x86-64_export.a(liblite-sevc.o)

.rodata1
 *(.rodata1)

.eh_frame_hdr   0x000000000042bc20      0x6a4
 *(.eh_frame_hdr)
 .eh_frame_hdr  0x000000000042bc20      0x6a4 /usr/lib/gcc/x86_64-linux-gnu/5/../../../x86_64-linux-gnu/crt1.o
                0x000000000042bc20                __GNU_EH_FRAME_HDR
 *(.eh_frame_entry .eh_frame_entry.*)

.eh_frame       0x000000000042c2c8     0x1b4c
 *(.eh_frame)
 .eh_frame      0x000000000042c2c8       0x30 /usr/lib/gcc/x86_64-linux-gnu/5/../../../x86_64-linux-gnu/crt1.o
 .eh_frame      0x000000000042c2f8       0x40 /usr/lib/gcc/x86_64-linux-gnu/5/../../../x86_64-linux-gnu/crt1.o
 .eh_frame      0x000000000042c338       0xc0 /tmp/ccYdfDnj.o
                                        0x140 (size before relaxing)
 .eh_frame      0x000000000042c3f8       0xa8 /tmp/ccCwg1I3.o
                                         0xc0 (size before relaxing)
 .eh_frame      0x000000000042c4a0     0x1910 /data/home/xiao.zhang/sevc_origin/lite-fesp/Release/lite-sevc/liblite_sevc_v2.0.0_linux_x86-64_export.a(liblite-sevc.o)
                                       0x27e8 (size before relaxing)
 .eh_frame      0x000000000042ddb0       0x60 /usr/lib/x86_64-linux-gnu/libc_nonshared.a(elf-init.oS)
                                         0x78 (size before relaxing)
 .eh_frame      0x000000000042de10        0x4 /usr/lib/gcc/x86_64-linux-gnu/5/crtend.o
 *(.eh_frame.*)

.gcc_except_table
 *(.gcc_except_table .gcc_except_table.*)

.gnu_extab
 *(.gnu_extab*)

.exception_ranges
 *(.exception_ranges .exception_ranges*)
                0x000000000062ee08                . = DATA_SEGMENT_ALIGN (0x200000, 0x1000)

.eh_frame
 *(.eh_frame)
 *(.eh_frame.*)

.gnu_extab
 *(.gnu_extab)

.gcc_except_table
 *(.gcc_except_table .gcc_except_table.*)

.exception_ranges
 *(.exception_ranges .exception_ranges*)

.tdata
 *(.tdata .tdata.* .gnu.linkonce.td.*)

.tbss
 *(.tbss .tbss.* .gnu.linkonce.tb.*)
 *(.tcommon)

.preinit_array  0x000000000062ee08        0x0
                [!provide]                        PROVIDE (__preinit_array_start, .)
 *(.preinit_array)
                [!provide]                        PROVIDE (__preinit_array_end, .)

.init_array     0x000000000062ee08        0x8
                0x000000000062ee08                PROVIDE (__init_array_start, .)
 *(SORT(.init_array.*) SORT(.ctors.*))
 *(.init_array EXCLUDE_FILE(*crtend?.o *crtend.o *crtbegin?.o *crtbegin.o) .ctors)
 .init_array    0x000000000062ee08        0x8 /usr/lib/gcc/x86_64-linux-gnu/5/crtbegin.o
                0x000000000062ee10                PROVIDE (__init_array_end, .)

.fini_array     0x000000000062ee10        0x8
                [!provide]                        PROVIDE (__fini_array_start, .)
 *(SORT(.fini_array.*) SORT(.dtors.*))
 *(.fini_array EXCLUDE_FILE(*crtend?.o *crtend.o *crtbegin?.o *crtbegin.o) .dtors)
 .fini_array    0x000000000062ee10        0x8 /usr/lib/gcc/x86_64-linux-gnu/5/crtbegin.o
                [!provide]                        PROVIDE (__fini_array_end, .)

.ctors
 *crtbegin.o(.ctors)
 *crtbegin?.o(.ctors)
 *(EXCLUDE_FILE(*crtend?.o *crtend.o) .ctors)
 *(SORT(.ctors.*))
 *(.ctors)

.dtors
 *crtbegin.o(.dtors)
 *crtbegin?.o(.dtors)
 *(EXCLUDE_FILE(*crtend?.o *crtend.o) .dtors)
 *(SORT(.dtors.*))
 *(.dtors)

.jcr            0x000000000062ee18        0x8
 *(.jcr)
 .jcr           0x000000000062ee18        0x0 /usr/lib/gcc/x86_64-linux-gnu/5/crtbegin.o
 .jcr           0x000000000062ee18        0x8 /usr/lib/gcc/x86_64-linux-gnu/5/crtend.o

.data.rel.ro
 *(.data.rel.ro.local* .gnu.linkonce.d.rel.ro.local.*)
 *(.data.rel.ro .data.rel.ro.* .gnu.linkonce.d.rel.ro.*)

.dynamic        0x000000000062ee20      0x1d0
 *(.dynamic)
 .dynamic       0x000000000062ee20      0x1d0 /usr/lib/gcc/x86_64-linux-gnu/5/../../../x86_64-linux-gnu/crt1.o
                0x000000000062ee20                _DYNAMIC

.got            0x000000000062eff0       0x10
 *(.got)
 .got           0x000000000062eff0       0x10 /usr/lib/gcc/x86_64-linux-gnu/5/../../../x86_64-linux-gnu/crt1.o
 *(.igot)
                0x000000000062ffe8                . = DATA_SEGMENT_RELRO_END (., (SIZEOF (.got.plt) >= 0x18)?0x18:0x0)

.got.plt        0x000000000062f000       0xc0
 *(.got.plt)
 .got.plt       0x000000000062f000       0xc0 /usr/lib/gcc/x86_64-linux-gnu/5/../../../x86_64-linux-gnu/crt1.o
                0x000000000062f000                _GLOBAL_OFFSET_TABLE_
 *(.igot.plt)
 .igot.plt      0x000000000062f0c0        0x0 /usr/lib/gcc/x86_64-linux-gnu/5/../../../x86_64-linux-gnu/crt1.o

.data           0x000000000062f0c0     0x15c0
 *(.data .data.* .gnu.linkonce.d.*)
 .data.rel.local.g_pcResource
                0x000000000062f0c0       0x10 /data/home/xiao.zhang/sevc_origin/lite-fesp/Release/lite-sevc/liblite_sevc_v2.0.0_linux_x86-64_export.a(liblite-sevc.o)
 .data.rel.local.g_pcNbResource
                0x000000000062f0d0       0x10 /data/home/xiao.zhang/sevc_origin/lite-fesp/Release/lite-sevc/liblite_sevc_v2.0.0_linux_x86-64_export.a(liblite-sevc.o)
 .data.innerGainNormalRef
                0x000000000062f0e0      0x404 /data/home/xiao.zhang/sevc_origin/lite-fesp/Release/lite-sevc/liblite_sevc_v2.0.0_linux_x86-64_export.a(liblite-sevc.o)
 *fill*         0x000000000062f4e4       0x1c 
 .data.micGain1
                0x000000000062f500      0x404 /data/home/xiao.zhang/sevc_origin/lite-fesp/Release/lite-sevc/liblite_sevc_v2.0.0_linux_x86-64_export.a(liblite-sevc.o)
 *fill*         0x000000000062f904       0x1c 
 .data.micGain2
                0x000000000062f920      0x404 /data/home/xiao.zhang/sevc_origin/lite-fesp/Release/lite-sevc/liblite_sevc_v2.0.0_linux_x86-64_export.a(liblite-sevc.o)
 *fill*         0x000000000062fd24       0x1c 
 .data.innerMicGainNormal
                0x000000000062fd40      0x404 /data/home/xiao.zhang/sevc_origin/lite-fesp/Release/lite-sevc/liblite_sevc_v2.0.0_linux_x86-64_export.a(liblite-sevc.o)
 *fill*         0x0000000000630144       0x1c 
 .data.eqGain2  0x0000000000630160      0x404 /data/home/xiao.zhang/sevc_origin/lite-fesp/Release/lite-sevc/liblite_sevc_v2.0.0_linux_x86-64_export.a(liblite-sevc.o)
 .data.g_cActivate
                0x0000000000630564        0x1 /data/home/xiao.zhang/sevc_origin/lite-fesp/Release/lite-sevc/liblite_sevc_v2.0.0_linux_x86-64_export.a(liblite-sevc.o)
 *fill*         0x0000000000630565       0x1b 
 .data.g_usFull2BarkMapping
                0x0000000000630580       0x80 /data/home/xiao.zhang/sevc_origin/lite-fesp/Release/lite-sevc/liblite_sevc_v2.0.0_linux_x86-64_export.a(liblite-sevc.o)
 .data.g_usNbFull2BarkMapping
                0x0000000000630600       0x80 /data/home/xiao.zhang/sevc_origin/lite-fesp/Release/lite-sevc/liblite_sevc_v2.0.0_linux_x86-64_export.a(liblite-sevc.o)

.tm_clone_table
                0x0000000000630680        0x0
 .tm_clone_table
                0x0000000000630680        0x0 /usr/lib/gcc/x86_64-linux-gnu/5/crtbegin.o
 .tm_clone_table
                0x0000000000630680        0x0 /usr/lib/gcc/x86_64-linux-gnu/5/crtend.o

.data1
 *(.data1)
                0x0000000000630680                _edata = .
                [!provide]                        PROVIDE (edata, .)
                0x0000000000630680                . = .
                0x0000000000630680                __bss_start = .

.bss            0x0000000000630680     0x32c0
 *(.dynbss)
 .dynbss        0x0000000000630680        0x0 /usr/lib/gcc/x86_64-linux-gnu/5/../../../x86_64-linux-gnu/crt1.o
 *(.bss .bss.* .gnu.linkonce.b.*)
 .bss           0x0000000000630680        0x1 /usr/lib/gcc/x86_64-linux-gnu/5/crtbegin.o
 *fill*         0x0000000000630681        0x7 
 .bss.psTmpBuf  0x0000000000630688        0x8 /tmp/ccCwg1I3.o
                0x0000000000630688                psTmpBuf
 .bss.g_cFlag   0x0000000000630690        0x1 /tmp/ccCwg1I3.o
                0x0000000000630690                g_cFlag
 *fill*         0x0000000000630691        0x7 
 .bss.aisp_fftHeap
                0x0000000000630698     0x1250 /data/home/xiao.zhang/sevc_origin/lite-fesp/Release/lite-sevc/liblite_sevc_v2.0.0_linux_x86-64_export.a(liblite-sevc.o)
 .bss.g_iInDenseLayerBias
                0x00000000006318e8        0x4 /data/home/xiao.zhang/sevc_origin/lite-fesp/Release/lite-sevc/liblite_sevc_v2.0.0_linux_x86-64_export.a(liblite-sevc.o)
 .bss.g_cInDenseLayerWeight
                0x00000000006318ec        0x1 /data/home/xiao.zhang/sevc_origin/lite-fesp/Release/lite-sevc/liblite_sevc_v2.0.0_linux_x86-64_export.a(liblite-sevc.o)
 *fill*         0x00000000006318ed        0x3 
 .bss.g_iOutDenseLayerBias
                0x00000000006318f0        0x4 /data/home/xiao.zhang/sevc_origin/lite-fesp/Release/lite-sevc/liblite_sevc_v2.0.0_linux_x86-64_export.a(liblite-sevc.o)
 .bss.g_cOutDenseLayerWeight
                0x00000000006318f4        0x1 /data/home/xiao.zhang/sevc_origin/lite-fesp/Release/lite-sevc/liblite_sevc_v2.0.0_linux_x86-64_export.a(liblite-sevc.o)
 *fill*         0x00000000006318f5        0x3 
 .bss.g_iNbInDenseLayerBias
                0x00000000006318f8        0x4 /data/home/xiao.zhang/sevc_origin/lite-fesp/Release/lite-sevc/liblite_sevc_v2.0.0_linux_x86-64_export.a(liblite-sevc.o)
 .bss.g_cNbInDenseLayerWeight
                0x00000000006318fc        0x1 /data/home/xiao.zhang/sevc_origin/lite-fesp/Release/lite-sevc/liblite_sevc_v2.0.0_linux_x86-64_export.a(liblite-sevc.o)
 *fill*         0x00000000006318fd        0x3 
 .bss.g_iNbOutDenseLayerBias
                0x0000000000631900        0x4 /data/home/xiao.zhang/sevc_origin/lite-fesp/Release/lite-sevc/liblite_sevc_v2.0.0_linux_x86-64_export.a(liblite-sevc.o)
 .bss.g_cNbOutDenseLayerWeight
                0x0000000000631904        0x1 /data/home/xiao.zhang/sevc_origin/lite-fesp/Release/lite-sevc/liblite_sevc_v2.0.0_linux_x86-64_export.a(liblite-sevc.o)
 *(COMMON)
 *fill*         0x0000000000631905       0x1b 
 COMMON         0x0000000000631920     0x2020 /tmp/ccCwg1I3.o
                0x0000000000631920                fpYyPcm
                0x0000000000631940                g_ucBuff
                0x0000000000633940                . = ALIGN ((. != 0x0)?0x8:0x1)

.lbss
 *(.dynlbss)
 *(.lbss .lbss.* .gnu.linkonce.lb.*)
 *(LARGE_COMMON)
                0x0000000000633940                . = ALIGN (0x8)
                0x0000000000633940                . = SEGMENT_START ("ldata-segment", .)

.lrodata
 *(.lrodata .lrodata.* .gnu.linkonce.lr.*)

.ldata          0x0000000000a33940        0x0
 *(.ldata .ldata.* .gnu.linkonce.l.*)
                0x0000000000a33940                . = ALIGN ((. != 0x0)?0x8:0x1)
                0x0000000000a33940                . = ALIGN (0x8)
                0x0000000000a33940                _end = .
                [!provide]                        PROVIDE (end, .)
                0x0000000000a33940                . = DATA_SEGMENT_END (.)

.stab
 *(.stab)

.stabstr
 *(.stabstr)

.stab.excl
 *(.stab.excl)

.stab.exclstr
 *(.stab.exclstr)

.stab.index
 *(.stab.index)

.stab.indexstr
 *(.stab.indexstr)

.comment        0x0000000000000000       0x35
 *(.comment)
 .comment       0x0000000000000000       0x35 /usr/lib/gcc/x86_64-linux-gnu/5/crtbegin.o
                                         0x36 (size before relaxing)
 .comment       0x0000000000000035       0x36 /tmp/ccYdfDnj.o
 .comment       0x0000000000000035       0x36 /tmp/ccCwg1I3.o
 .comment       0x0000000000000035      0x72c /data/home/xiao.zhang/sevc_origin/lite-fesp/Release/lite-sevc/liblite_sevc_v2.0.0_linux_x86-64_export.a(liblite-sevc.o)
 .comment       0x0000000000000035       0x36 /usr/lib/gcc/x86_64-linux-gnu/5/crtend.o

.debug
 *(.debug)

.line
 *(.line)

.debug_srcinfo
 *(.debug_srcinfo)

.debug_sfnames
 *(.debug_sfnames)

.debug_aranges  0x0000000000000000     0x17b0
 *(.debug_aranges)
 .debug_aranges
                0x0000000000000000       0xb0 /tmp/ccYdfDnj.o
 .debug_aranges
                0x00000000000000b0       0x70 /tmp/ccCwg1I3.o
 .debug_aranges
                0x0000000000000120     0x1690 /data/home/xiao.zhang/sevc_origin/lite-fesp/Release/lite-sevc/liblite_sevc_v2.0.0_linux_x86-64_export.a(liblite-sevc.o)

.debug_pubnames
 *(.debug_pubnames)

.debug_info     0x0000000000000000    0x195bb
 *(.debug_info .gnu.linkonce.wi.*)
 .debug_info    0x0000000000000000      0x730 /tmp/ccYdfDnj.o
 .debug_info    0x0000000000000730      0x84a /tmp/ccCwg1I3.o
 .debug_info    0x0000000000000f7a    0x18641 /data/home/xiao.zhang/sevc_origin/lite-fesp/Release/lite-sevc/liblite_sevc_v2.0.0_linux_x86-64_export.a(liblite-sevc.o)

.debug_abbrev   0x0000000000000000     0x3095
 *(.debug_abbrev)
 .debug_abbrev  0x0000000000000000      0x178 /tmp/ccYdfDnj.o
 .debug_abbrev  0x0000000000000178      0x179 /tmp/ccCwg1I3.o
 .debug_abbrev  0x00000000000002f1     0x2da4 /data/home/xiao.zhang/sevc_origin/lite-fesp/Release/lite-sevc/liblite_sevc_v2.0.0_linux_x86-64_export.a(liblite-sevc.o)

.debug_line     0x0000000000000000     0x8ff9
 *(.debug_line .debug_line.* .debug_line_end)
 .debug_line    0x0000000000000000      0x23c /tmp/ccYdfDnj.o
 .debug_line    0x000000000000023c      0x26e /tmp/ccCwg1I3.o
 .debug_line    0x00000000000004aa     0x8b4f /data/home/xiao.zhang/sevc_origin/lite-fesp/Release/lite-sevc/liblite_sevc_v2.0.0_linux_x86-64_export.a(liblite-sevc.o)

.debug_frame
 *(.debug_frame)

.debug_str      0x0000000000000000     0x5282
 *(.debug_str)
 .debug_str     0x0000000000000000      0x46a /tmp/ccYdfDnj.o
                                        0x4db (size before relaxing)
 .debug_str     0x000000000000046a      0x290 /tmp/ccCwg1I3.o
                                        0x63e (size before relaxing)
 .debug_str     0x00000000000006fa     0x4b88 /data/home/xiao.zhang/sevc_origin/lite-fesp/Release/lite-sevc/liblite_sevc_v2.0.0_linux_x86-64_export.a(liblite-sevc.o)
                                      0x102ff (size before relaxing)

.debug_loc
 *(.debug_loc)

.debug_macinfo
 *(.debug_macinfo)

.debug_weaknames
 *(.debug_weaknames)

.debug_funcnames
 *(.debug_funcnames)

.debug_typenames
 *(.debug_typenames)

.debug_varnames
 *(.debug_varnames)

.debug_pubtypes
 *(.debug_pubtypes)

.debug_ranges   0x0000000000000000     0x1570
 *(.debug_ranges)
 .debug_ranges  0x0000000000000000       0xa0 /tmp/ccYdfDnj.o
 .debug_ranges  0x00000000000000a0       0x60 /tmp/ccCwg1I3.o
 .debug_ranges  0x0000000000000100     0x1470 /data/home/xiao.zhang/sevc_origin/lite-fesp/Release/lite-sevc/liblite_sevc_v2.0.0_linux_x86-64_export.a(liblite-sevc.o)

.debug_macro
 *(.debug_macro)

.gnu.attributes
 *(.gnu.attributes)

/DISCARD/
 *(.note.GNU-stack)
 *(.gnu_debuglink)
 *(.gnu.lto_*)
OUTPUT(lite_sevc_linux_x86-64 elf64-x86-64)
